mode: set
github.com/SodbilegTugsbayr/Smart-Note/backend/pkg/common/format.go:12.37,17.2 4 1
github.com/SodbilegTugsbayr/Smart-Note/backend/pkg/common/format.go:19.35,23.2 3 1
github.com/SodbilegTugsbayr/Smart-Note/backend/pkg/common/search.go:3.51,4.29 1 1
github.com/SodbilegTugsbayr/Smart-Note/backend/pkg/common/search.go:4.29,5.18 1 1
github.com/SodbilegTugsbayr/Smart-Note/backend/pkg/common/search.go:5.18,7.4 1 1
github.com/SodbilegTugsbayr/Smart-Note/backend/pkg/common/search.go:9.2,9.18 1 1
github.com/SodbilegTugsbayr/Smart-Note/backend/pkg/common/search.go:12.48,13.29 1 1
github.com/SodbilegTugsbayr/Smart-Note/backend/pkg/common/search.go:13.29,14.18 1 1
github.com/SodbilegTugsbayr/Smart-Note/backend/pkg/common/search.go:14.18,16.4 1 1
github.com/SodbilegTugsbayr/Smart-Note/backend/pkg/common/search.go:18.2,18.18 1 1
github.com/SodbilegTugsbayr/Smart-Note/backend/pkg/common/oapi/error.go:15.52,19.2 3 1
github.com/SodbilegTugsbayr/Smart-Note/backend/pkg/common/oapi/error.go:21.53,23.2 1 1
github.com/SodbilegTugsbayr/Smart-Note/backend/pkg/common/oapi/error.go:25.38,27.2 1 1
github.com/SodbilegTugsbayr/Smart-Note/backend/pkg/common/oapi/error.go:29.39,31.2 1 1
github.com/SodbilegTugsbayr/Smart-Note/backend/pkg/common/oapi/error.go:33.78,35.2 1 1
github.com/SodbilegTugsbayr/Smart-Note/backend/pkg/common/oapi/request.go:20.49,25.2 1 1
github.com/SodbilegTugsbayr/Smart-Note/backend/pkg/common/oapi/request.go:27.54,31.24 3 1
github.com/SodbilegTugsbayr/Smart-Note/backend/pkg/common/oapi/request.go:31.24,33.17 2 1
github.com/SodbilegTugsbayr/Smart-Note/backend/pkg/common/oapi/request.go:33.17,35.4 1 0
github.com/SodbilegTugsbayr/Smart-Note/backend/pkg/common/oapi/request.go:36.3,36.85 1 1
github.com/SodbilegTugsbayr/Smart-Note/backend/pkg/common/oapi/request.go:37.8,39.3 1 1
github.com/SodbilegTugsbayr/Smart-Note/backend/pkg/common/oapi/request.go:40.2,42.41 3 1
github.com/SodbilegTugsbayr/Smart-Note/backend/pkg/common/oapi/request.go:42.41,44.3 1 1
github.com/SodbilegTugsbayr/Smart-Note/backend/pkg/common/oapi/request.go:46.2,48.16 3 1
github.com/SodbilegTugsbayr/Smart-Note/backend/pkg/common/oapi/request.go:48.16,50.3 1 0
github.com/SodbilegTugsbayr/Smart-Note/backend/pkg/common/oapi/request.go:52.2,54.42 2 1
github.com/SodbilegTugsbayr/Smart-Note/backend/pkg/common/oapi/request.go:54.42,60.3 5 1
github.com/SodbilegTugsbayr/Smart-Note/backend/pkg/common/oapi/request.go:62.2,62.26 1 1
github.com/SodbilegTugsbayr/Smart-Note/backend/pkg/common/oapi/request.go:62.26,64.78 2 1
github.com/SodbilegTugsbayr/Smart-Note/backend/pkg/common/oapi/request.go:64.78,66.4 1 0
github.com/SodbilegTugsbayr/Smart-Note/backend/pkg/common/oapi/request.go:69.2,69.21 1 1
github.com/SodbilegTugsbayr/Smart-Note/backend/pkg/common/oapi/response.go:17.49,19.2 1 1
github.com/SodbilegTugsbayr/Smart-Note/backend/pkg/common/oapi/response.go:21.56,24.16 3 1
github.com/SodbilegTugsbayr/Smart-Note/backend/pkg/common/oapi/response.go:24.16,26.3 1 0
github.com/SodbilegTugsbayr/Smart-Note/backend/pkg/common/oapi/response.go:29.78,33.16 4 1
github.com/SodbilegTugsbayr/Smart-Note/backend/pkg/common/oapi/response.go:33.16,35.3 1 0
github.com/SodbilegTugsbayr/Smart-Note/backend/pkg/common/oapi/response.go:38.67,42.2 3 1
github.com/SodbilegTugsbayr/Smart-Note/backend/pkg/common/oapi/response.go:44.67,55.16 6 1
github.com/SodbilegTugsbayr/Smart-Note/backend/pkg/common/oapi/response.go:55.16,57.3 1 0
github.com/SodbilegTugsbayr/Smart-Note/backend/pkg/common/oapi/response.go:60.50,63.2 2 1
github.com/SodbilegTugsbayr/Smart-Note/backend/pkg/common/oapi/response.go:65.60,66.39 1 1
github.com/SodbilegTugsbayr/Smart-Note/backend/pkg/common/oapi/response.go:66.39,68.3 1 1
github.com/SodbilegTugsbayr/Smart-Note/backend/pkg/common/oapi/response.go:69.2,70.45 2 1
github.com/SodbilegTugsbayr/Smart-Note/backend/pkg/common/oapi/response.go:73.44,74.55 1 1
github.com/SodbilegTugsbayr/Smart-Note/backend/pkg/common/oapi/response.go:74.55,76.3 1 1
github.com/SodbilegTugsbayr/Smart-Note/backend/pkg/common/oapi/response.go:77.2,77.12 1 1
github.com/SodbilegTugsbayr/Smart-Note/backend/cmd/web/validators/user_validators.go:12.45,17.22 4 1
github.com/SodbilegTugsbayr/Smart-Note/backend/cmd/web/validators/user_validators.go:17.22,19.3 1 1
github.com/SodbilegTugsbayr/Smart-Note/backend/cmd/web/validators/user_validators.go:21.2,21.57 1 1
github.com/SodbilegTugsbayr/Smart-Note/backend/cmd/web/validators/user_validators.go:21.57,23.3 1 1
github.com/SodbilegTugsbayr/Smart-Note/backend/cmd/web/validators/user_validators.go:25.2,27.44 1 1
github.com/SodbilegTugsbayr/Smart-Note/backend/cmd/web/validators/user_validators.go:27.44,29.3 1 1
github.com/SodbilegTugsbayr/Smart-Note/backend/cmd/web/validators/user_validators.go:31.2,31.12 1 1
github.com/SodbilegTugsbayr/Smart-Note/backend/pkg/common/apputils/conf.go:10.50,12.16 2 1
github.com/SodbilegTugsbayr/Smart-Note/backend/pkg/common/apputils/conf.go:12.16,14.3 1 0
github.com/SodbilegTugsbayr/Smart-Note/backend/pkg/common/apputils/conf.go:16.2,17.58 2 1
github.com/SodbilegTugsbayr/Smart-Note/backend/pkg/common/apputils/conf.go:17.58,19.3 1 0
github.com/SodbilegTugsbayr/Smart-Note/backend/pkg/common/apputils/conf.go:22.2,23.16 2 1
github.com/SodbilegTugsbayr/Smart-Note/backend/pkg/common/apputils/conf.go:23.16,25.3 1 0
github.com/SodbilegTugsbayr/Smart-Note/backend/pkg/common/apputils/conf.go:27.2,28.16 2 1
github.com/SodbilegTugsbayr/Smart-Note/backend/pkg/common/apputils/conf.go:28.16,30.3 1 0
github.com/SodbilegTugsbayr/Smart-Note/backend/pkg/common/apputils/db.go:13.34,24.16 3 1
github.com/SodbilegTugsbayr/Smart-Note/backend/pkg/common/apputils/db.go:24.16,26.3 1 0
github.com/SodbilegTugsbayr/Smart-Note/backend/pkg/common/apputils/db.go:27.2,27.11 1 1
github.com/SodbilegTugsbayr/Smart-Note/backend/pkg/common/generator/generator.go:20.33,23.19 3 1
github.com/SodbilegTugsbayr/Smart-Note/backend/pkg/common/generator/generator.go:23.19,25.3 1 1
github.com/SodbilegTugsbayr/Smart-Note/backend/pkg/common/generator/generator.go:26.2,27.19 2 1
github.com/SodbilegTugsbayr/Smart-Note/backend/pkg/common/generator/generator.go:27.19,29.3 1 1
github.com/SodbilegTugsbayr/Smart-Note/backend/pkg/common/generator/generator.go:30.2,31.39 2 1
github.com/SodbilegTugsbayr/Smart-Note/backend/pkg/common/generator/generator.go:31.39,33.3 1 1
github.com/SodbilegTugsbayr/Smart-Note/backend/pkg/common/generator/generator.go:34.2,34.22 1 1
github.com/SodbilegTugsbayr/Smart-Note/backend/pkg/common/generator/generator.go:37.39,40.19 3 1
github.com/SodbilegTugsbayr/Smart-Note/backend/pkg/common/generator/generator.go:40.19,42.3 1 1
github.com/SodbilegTugsbayr/Smart-Note/backend/pkg/common/generator/generator.go:43.2,44.39 2 1
github.com/SodbilegTugsbayr/Smart-Note/backend/pkg/common/generator/generator.go:44.39,46.3 1 1
github.com/SodbilegTugsbayr/Smart-Note/backend/pkg/common/generator/generator.go:47.2,47.22 1 1
github.com/SodbilegTugsbayr/Smart-Note/backend/pkg/common/generator/generator.go:50.47,54.65 3 1
github.com/SodbilegTugsbayr/Smart-Note/backend/pkg/common/generator/generator.go:54.65,56.3 1 0
github.com/SodbilegTugsbayr/Smart-Note/backend/pkg/common/generator/generator.go:58.2,60.26 2 1
github.com/SodbilegTugsbayr/Smart-Note/backend/pkg/common/generator/generator.go:63.50,67.61 3 1
github.com/SodbilegTugsbayr/Smart-Note/backend/pkg/common/generator/generator.go:67.61,69.3 1 0
github.com/SodbilegTugsbayr/Smart-Note/backend/pkg/common/generator/generator.go:70.2,70.48 1 1
github.com/SodbilegTugsbayr/Smart-Note/backend/pkg/common/generator/generator.go:70.48,72.3 1 0
github.com/SodbilegTugsbayr/Smart-Note/backend/pkg/common/generator/generator.go:73.2,73.49 1 1
github.com/SodbilegTugsbayr/Smart-Note/backend/pkg/common/generator/generator.go:73.49,75.3 1 0
github.com/SodbilegTugsbayr/Smart-Note/backend/pkg/common/generator/generator.go:77.2,79.18 2 1
github.com/SodbilegTugsbayr/Smart-Note/backend/pkg/common/generator/generator.go:82.49,84.30 2 1
github.com/SodbilegTugsbayr/Smart-Note/backend/pkg/common/generator/generator.go:84.30,86.3 1 1
github.com/SodbilegTugsbayr/Smart-Note/backend/pkg/common/generator/generator.go:87.2,87.10 1 1
github.com/SodbilegTugsbayr/Smart-Note/backend/pkg/ocrapi/ocrapi.go:23.53,28.2 1 1
github.com/SodbilegTugsbayr/Smart-Note/backend/pkg/ocrapi/ocrapi.go:30.68,32.16 2 1
github.com/SodbilegTugsbayr/Smart-Note/backend/pkg/ocrapi/ocrapi.go:32.16,34.3 1 0
github.com/SodbilegTugsbayr/Smart-Note/backend/pkg/ocrapi/ocrapi.go:36.2,44.24 3 1
github.com/SodbilegTugsbayr/Smart-Note/backend/pkg/ocrapi/ocrapi.go:44.24,46.3 1 1
github.com/SodbilegTugsbayr/Smart-Note/backend/pkg/ocrapi/ocrapi.go:48.2,53.16 2 1
github.com/SodbilegTugsbayr/Smart-Note/backend/pkg/ocrapi/ocrapi.go:53.16,55.3 1 0
github.com/SodbilegTugsbayr/Smart-Note/backend/pkg/ocrapi/ocrapi.go:57.2,61.16 4 1
github.com/SodbilegTugsbayr/Smart-Note/backend/pkg/ocrapi/ocrapi.go:61.16,63.3 1 0
github.com/SodbilegTugsbayr/Smart-Note/backend/pkg/ocrapi/ocrapi.go:64.2,67.16 3 1
github.com/SodbilegTugsbayr/Smart-Note/backend/pkg/ocrapi/ocrapi.go:67.16,69.3 1 0
github.com/SodbilegTugsbayr/Smart-Note/backend/pkg/ocrapi/ocrapi.go:71.2,71.53 1 1
github.com/SodbilegTugsbayr/Smart-Note/backend/pkg/ocrapi/ocrapi.go:71.53,73.3 1 0
github.com/SodbilegTugsbayr/Smart-Note/backend/pkg/ocrapi/ocrapi.go:75.2,76.54 2 1
github.com/SodbilegTugsbayr/Smart-Note/backend/pkg/ocrapi/ocrapi.go:76.54,78.3 1 0
github.com/SodbilegTugsbayr/Smart-Note/backend/pkg/ocrapi/ocrapi.go:80.2,80.21 1 1
github.com/SodbilegTugsbayr/Smart-Note/backend/pkg/ocrapi/ocrapi.go:83.73,94.16 5 0
github.com/SodbilegTugsbayr/Smart-Note/backend/pkg/ocrapi/ocrapi.go:94.16,96.3 1 0
github.com/SodbilegTugsbayr/Smart-Note/backend/pkg/ocrapi/ocrapi.go:97.2,99.28 2 0
github.com/SodbilegTugsbayr/Smart-Note/backend/pkg/ocrapi/ocrapi.go:99.28,101.3 1 0
github.com/SodbilegTugsbayr/Smart-Note/backend/pkg/ocrapi/ocrapi.go:103.2,104.64 2 0
github.com/SodbilegTugsbayr/Smart-Note/backend/pkg/ocrapi/ocrapi.go:104.64,106.3 1 0
github.com/SodbilegTugsbayr/Smart-Note/backend/pkg/ocrapi/ocrapi.go:108.2,108.18 1 0
github.com/SodbilegTugsbayr/Smart-Note/backend/pkg/ocrapi/ocrapi.go:111.71,113.16 2 1
github.com/SodbilegTugsbayr/Smart-Note/backend/pkg/ocrapi/ocrapi.go:113.16,115.3 1 0
github.com/SodbilegTugsbayr/Smart-Note/backend/pkg/ocrapi/ocrapi.go:117.2,117.35 1 1
github.com/SodbilegTugsbayr/Smart-Note/backend/pkg/ocrapi/ocrapi.go:117.35,119.23 2 1
github.com/SodbilegTugsbayr/Smart-Note/backend/pkg/ocrapi/ocrapi.go:119.23,121.4 1 1
github.com/SodbilegTugsbayr/Smart-Note/backend/pkg/ocrapi/ocrapi.go:124.2,125.16 2 0
github.com/SodbilegTugsbayr/Smart-Note/backend/pkg/ocrapi/ocrapi.go:125.16,127.3 1 0
github.com/SodbilegTugsbayr/Smart-Note/backend/pkg/ocrapi/ocrapi.go:129.2,133.6 4 0
github.com/SodbilegTugsbayr/Smart-Note/backend/pkg/ocrapi/ocrapi.go:133.6,134.10 1 0
github.com/SodbilegTugsbayr/Smart-Note/backend/pkg/ocrapi/ocrapi.go:135.18,136.59 1 0
github.com/SodbilegTugsbayr/Smart-Note/backend/pkg/ocrapi/ocrapi.go:137.19,139.18 2 0
github.com/SodbilegTugsbayr/Smart-Note/backend/pkg/ocrapi/ocrapi.go:139.18,141.5 1 0
github.com/SodbilegTugsbayr/Smart-Note/backend/pkg/ocrapi/ocrapi.go:143.4,143.19 1 0
github.com/SodbilegTugsbayr/Smart-Note/backend/pkg/ocrapi/ocrapi.go:143.19,145.47 2 0
github.com/SodbilegTugsbayr/Smart-Note/backend/pkg/ocrapi/ocrapi.go:145.47,148.6 2 0
github.com/SodbilegTugsbayr/Smart-Note/backend/pkg/ocrapi/ocrapi.go:149.5,149.28 1 0
github.com/SodbilegTugsbayr/Smart-Note/backend/pkg/ocrapi/ocrapi.go:155.61,157.16 2 1
github.com/SodbilegTugsbayr/Smart-Note/backend/pkg/ocrapi/ocrapi.go:157.16,159.3 1 0
github.com/SodbilegTugsbayr/Smart-Note/backend/pkg/ocrapi/ocrapi.go:160.2,164.33 4 1
github.com/SodbilegTugsbayr/Smart-Note/backend/pkg/ocrapi/ocrapi.go:164.33,166.3 1 0
github.com/SodbilegTugsbayr/Smart-Note/backend/pkg/ocrapi/ocrapi.go:168.2,168.40 1 1
github.com/SodbilegTugsbayr/Smart-Note/backend/pkg/ocrapi/ocrapi.go:171.44,173.26 2 1
github.com/SodbilegTugsbayr/Smart-Note/backend/pkg/ocrapi/ocrapi.go:173.26,175.3 1 1
github.com/SodbilegTugsbayr/Smart-Note/backend/pkg/ocrapi/ocrapi.go:176.2,176.48 1 1
github.com/SodbilegTugsbayr/Smart-Note/backend/pkg/ocrapi/ocrapi.go:179.64,181.16 2 1
github.com/SodbilegTugsbayr/Smart-Note/backend/pkg/ocrapi/ocrapi.go:181.16,183.3 1 0
github.com/SodbilegTugsbayr/Smart-Note/backend/pkg/ocrapi/ocrapi.go:184.2,187.16 3 1
github.com/SodbilegTugsbayr/Smart-Note/backend/pkg/ocrapi/ocrapi.go:187.16,189.3 1 0
github.com/SodbilegTugsbayr/Smart-Note/backend/pkg/ocrapi/ocrapi.go:191.2,192.16 2 1
github.com/SodbilegTugsbayr/Smart-Note/backend/pkg/ocrapi/ocrapi.go:192.16,194.3 1 0
github.com/SodbilegTugsbayr/Smart-Note/backend/pkg/ocrapi/ocrapi.go:196.2,197.26 2 1
github.com/SodbilegTugsbayr/Smart-Note/backend/pkg/ocrapi/ocrapi.go:197.26,199.3 1 0
github.com/SodbilegTugsbayr/Smart-Note/backend/pkg/ocrapi/ocrapi.go:201.2,201.24 1 1
github.com/SodbilegTugsbayr/Smart-Note/backend/pkg/ocrapi/ocrapi.go:204.48,212.29 6 1
github.com/SodbilegTugsbayr/Smart-Note/backend/pkg/ocrapi/ocrapi.go:212.29,214.17 2 1
github.com/SodbilegTugsbayr/Smart-Note/backend/pkg/ocrapi/ocrapi.go:214.17,215.42 1 1
github.com/SodbilegTugsbayr/Smart-Note/backend/pkg/ocrapi/ocrapi.go:215.42,218.5 2 1
github.com/SodbilegTugsbayr/Smart-Note/backend/pkg/ocrapi/ocrapi.go:219.4,219.12 1 1
github.com/SodbilegTugsbayr/Smart-Note/backend/pkg/ocrapi/ocrapi.go:222.3,223.24 2 1
github.com/SodbilegTugsbayr/Smart-Note/backend/pkg/ocrapi/ocrapi.go:226.2,226.55 1 1
github.com/SodbilegTugsbayr/Smart-Note/backend/pkg/ocrapi/ocrapi.go:229.38,231.25 2 1
github.com/SodbilegTugsbayr/Smart-Note/backend/pkg/ocrapi/ocrapi.go:231.25,232.49 1 1
github.com/SodbilegTugsbayr/Smart-Note/backend/pkg/ocrapi/ocrapi.go:232.49,234.28 2 1
github.com/SodbilegTugsbayr/Smart-Note/backend/pkg/ocrapi/ocrapi.go:234.28,236.5 1 1
github.com/SodbilegTugsbayr/Smart-Note/backend/pkg/ocrapi/ocrapi.go:239.2,239.14 1 0
github.com/SodbilegTugsbayr/Smart-Note/backend/pkg/eguneapi/eguneapi.go:19.62,25.2 1 0
github.com/SodbilegTugsbayr/Smart-Note/backend/pkg/eguneapi/eguneapi.go:27.82,40.16 3 0
github.com/SodbilegTugsbayr/Smart-Note/backend/pkg/eguneapi/eguneapi.go:40.16,42.3 1 0
github.com/SodbilegTugsbayr/Smart-Note/backend/pkg/eguneapi/eguneapi.go:44.2,44.38 1 0
github.com/SodbilegTugsbayr/Smart-Note/backend/pkg/eguneapi/eguneapi.go:44.38,46.3 1 0
github.com/SodbilegTugsbayr/Smart-Note/backend/pkg/eguneapi/eguneapi.go:48.2,51.62 3 0
github.com/SodbilegTugsbayr/Smart-Note/backend/pkg/eguneapi/eguneapi.go:51.62,53.3 1 0
github.com/SodbilegTugsbayr/Smart-Note/backend/pkg/eguneapi/eguneapi.go:54.2,54.21 1 0
github.com/SodbilegTugsbayr/Smart-Note/backend/pkg/eguneapi/eguneapi.go:54.21,56.3 1 0
github.com/SodbilegTugsbayr/Smart-Note/backend/pkg/eguneapi/eguneapi.go:58.2,61.33 3 0
github.com/SodbilegTugsbayr/Smart-Note/backend/pkg/eguneapi/eguneapi.go:61.33,68.3 1 0
github.com/SodbilegTugsbayr/Smart-Note/backend/pkg/eguneapi/eguneapi.go:70.2,73.8 1 0
github.com/SodbilegTugsbayr/Smart-Note/backend/pkg/eguneapi/eguneapi.go:76.87,88.16 3 0
github.com/SodbilegTugsbayr/Smart-Note/backend/pkg/eguneapi/eguneapi.go:88.16,90.3 1 0
github.com/SodbilegTugsbayr/Smart-Note/backend/pkg/eguneapi/eguneapi.go:92.2,92.38 1 0
github.com/SodbilegTugsbayr/Smart-Note/backend/pkg/eguneapi/eguneapi.go:92.38,94.3 1 0
github.com/SodbilegTugsbayr/Smart-Note/backend/pkg/eguneapi/eguneapi.go:96.2,96.55 1 0
github.com/SodbilegTugsbayr/Smart-Note/backend/pkg/eguneapi/helper.go:9.68,117.2 3 0
github.com/SodbilegTugsbayr/Smart-Note/backend/pkg/eguneapi/helper.go:119.46,157.2 1 1
github.com/SodbilegTugsbayr/Smart-Note/backend/pkg/eguneapi/helper.go:159.67,169.2 1 1
github.com/SodbilegTugsbayr/Smart-Note/backend/pkg/userman/helper.go:15.52,18.2 2 1
github.com/SodbilegTugsbayr/Smart-Note/backend/pkg/userman/helper.go:20.49,23.2 2 1
github.com/SodbilegTugsbayr/Smart-Note/backend/pkg/userman/service.go:17.70,23.2 1 1
github.com/SodbilegTugsbayr/Smart-Note/backend/pkg/userman/service.go:25.56,28.19 2 1
github.com/SodbilegTugsbayr/Smart-Note/backend/pkg/userman/service.go:28.19,30.3 1 1
github.com/SodbilegTugsbayr/Smart-Note/backend/pkg/userman/service.go:32.2,32.25 1 1
github.com/SodbilegTugsbayr/Smart-Note/backend/pkg/userman/service.go:32.25,34.3 1 1
github.com/SodbilegTugsbayr/Smart-Note/backend/pkg/userman/service.go:36.2,36.26 1 1
github.com/SodbilegTugsbayr/Smart-Note/backend/pkg/userman/service.go:36.26,39.3 1 1
github.com/SodbilegTugsbayr/Smart-Note/backend/pkg/userman/service.go:41.2,41.23 1 1
github.com/SodbilegTugsbayr/Smart-Note/backend/pkg/userman/service.go:41.23,43.3 1 1
github.com/SodbilegTugsbayr/Smart-Note/backend/pkg/userman/service.go:45.2,45.24 1 1
github.com/SodbilegTugsbayr/Smart-Note/backend/pkg/userman/service.go:45.24,47.3 1 1
github.com/SodbilegTugsbayr/Smart-Note/backend/pkg/userman/service.go:49.2,49.28 1 1
github.com/SodbilegTugsbayr/Smart-Note/backend/pkg/userman/service.go:49.28,51.3 1 1
github.com/SodbilegTugsbayr/Smart-Note/backend/pkg/userman/service.go:53.2,53.14 1 1
github.com/SodbilegTugsbayr/Smart-Note/backend/pkg/userman/service.go:56.54,60.65 3 1
github.com/SodbilegTugsbayr/Smart-Note/backend/pkg/userman/service.go:60.65,62.3 1 0
github.com/SodbilegTugsbayr/Smart-Note/backend/pkg/userman/service.go:64.2,64.24 1 1
github.com/SodbilegTugsbayr/Smart-Note/backend/pkg/userman/service.go:67.80,71.65 3 1
github.com/SodbilegTugsbayr/Smart-Note/backend/pkg/userman/service.go:71.65,73.3 1 0
github.com/SodbilegTugsbayr/Smart-Note/backend/pkg/userman/service.go:75.2,75.14 1 1
github.com/SodbilegTugsbayr/Smart-Note/backend/pkg/userman/service.go:75.14,77.15 2 1
github.com/SodbilegTugsbayr/Smart-Note/backend/pkg/userman/service.go:77.15,79.4 1 1
github.com/SodbilegTugsbayr/Smart-Note/backend/pkg/userman/service.go:82.2,83.70 2 1
github.com/SodbilegTugsbayr/Smart-Note/backend/pkg/userman/service.go:83.70,85.3 1 0
github.com/SodbilegTugsbayr/Smart-Note/backend/pkg/userman/service.go:87.2,87.31 1 1
github.com/SodbilegTugsbayr/Smart-Note/backend/pkg/userman/service.go:90.50,93.87 2 1
github.com/SodbilegTugsbayr/Smart-Note/backend/pkg/userman/service.go:93.87,94.45 1 1
github.com/SodbilegTugsbayr/Smart-Note/backend/pkg/userman/service.go:94.45,96.4 1 1
github.com/SodbilegTugsbayr/Smart-Note/backend/pkg/userman/service.go:96.9,98.4 1 0
github.com/SodbilegTugsbayr/Smart-Note/backend/pkg/userman/service.go:101.2,101.18 1 1
github.com/SodbilegTugsbayr/Smart-Note/backend/pkg/userman/service.go:104.83,107.119 2 1
github.com/SodbilegTugsbayr/Smart-Note/backend/pkg/userman/service.go:107.119,108.45 1 1
github.com/SodbilegTugsbayr/Smart-Note/backend/pkg/userman/service.go:108.45,110.4 1 1
github.com/SodbilegTugsbayr/Smart-Note/backend/pkg/userman/service.go:110.9,112.4 1 0
github.com/SodbilegTugsbayr/Smart-Note/backend/pkg/userman/service.go:115.2,115.18 1 1
github.com/SodbilegTugsbayr/Smart-Note/backend/pkg/userman/service.go:118.50,121.85 2 1
github.com/SodbilegTugsbayr/Smart-Note/backend/pkg/userman/service.go:121.85,122.45 1 1
github.com/SodbilegTugsbayr/Smart-Note/backend/pkg/userman/service.go:122.45,124.4 1 1
github.com/SodbilegTugsbayr/Smart-Note/backend/pkg/userman/service.go:124.9,126.4 1 0
github.com/SodbilegTugsbayr/Smart-Note/backend/pkg/userman/service.go:129.2,129.18 1 1
github.com/SodbilegTugsbayr/Smart-Note/backend/pkg/userman/service.go:132.85,136.161 3 1
github.com/SodbilegTugsbayr/Smart-Note/backend/pkg/userman/service.go:136.161,137.45 1 1
github.com/SodbilegTugsbayr/Smart-Note/backend/pkg/userman/service.go:137.45,139.4 1 1
github.com/SodbilegTugsbayr/Smart-Note/backend/pkg/userman/service.go:139.9,141.4 1 0
github.com/SodbilegTugsbayr/Smart-Note/backend/pkg/userman/service.go:144.2,144.18 1 1
github.com/SodbilegTugsbayr/Smart-Note/backend/pkg/userman/service.go:147.51,148.46 1 1
github.com/SodbilegTugsbayr/Smart-Note/backend/pkg/userman/service.go:148.46,150.3 1 0
github.com/SodbilegTugsbayr/Smart-Note/backend/pkg/userman/service.go:151.2,151.18 1 1
github.com/SodbilegTugsbayr/Smart-Note/backend/pkg/userman/service.go:154.40,156.2 1 1
github.com/SodbilegTugsbayr/Smart-Note/backend/cmd/web/app/app.go:55.24,64.16 7 0
github.com/SodbilegTugsbayr/Smart-Note/backend/cmd/web/app/app.go:64.16,65.13 1 0
github.com/SodbilegTugsbayr/Smart-Note/backend/cmd/web/app/app.go:67.2,85.20 14 0
github.com/SodbilegTugsbayr/Smart-Note/backend/cmd/web/app/app.go:88.15,89.2 0 0
github.com/SodbilegTugsbayr/Smart-Note/backend/pkg/common/websocket/conn.go:30.80,40.2 1 0
github.com/SodbilegTugsbayr/Smart-Note/backend/pkg/common/websocket/conn.go:42.51,43.9 1 0
github.com/SodbilegTugsbayr/Smart-Note/backend/pkg/common/websocket/conn.go:44.62,44.62 0 0
github.com/SodbilegTugsbayr/Smart-Note/backend/pkg/common/websocket/conn.go:45.37,46.49 1 0
github.com/SodbilegTugsbayr/Smart-Note/backend/pkg/common/websocket/conn.go:51.36,53.12 2 0
github.com/SodbilegTugsbayr/Smart-Note/backend/pkg/common/websocket/conn.go:53.12,55.7 1 0
github.com/SodbilegTugsbayr/Smart-Note/backend/pkg/common/websocket/conn.go:55.7,56.11 1 0
github.com/SodbilegTugsbayr/Smart-Note/backend/pkg/common/websocket/conn.go:57.33,59.19 2 0
github.com/SodbilegTugsbayr/Smart-Note/backend/pkg/common/websocket/conn.go:59.19,63.6 3 0
github.com/SodbilegTugsbayr/Smart-Note/backend/pkg/common/websocket/conn.go:64.23,65.18 1 0
github.com/SodbilegTugsbayr/Smart-Note/backend/pkg/common/websocket/conn.go:67.4,67.14 1 0
github.com/SodbilegTugsbayr/Smart-Note/backend/pkg/common/websocket/conn.go:67.14,68.10 1 0
github.com/SodbilegTugsbayr/Smart-Note/backend/pkg/common/websocket/conn.go:72.2,72.12 1 0
github.com/SodbilegTugsbayr/Smart-Note/backend/pkg/common/websocket/conn.go:72.12,73.7 1 0
github.com/SodbilegTugsbayr/Smart-Note/backend/pkg/common/websocket/conn.go:73.7,74.19 1 0
github.com/SodbilegTugsbayr/Smart-Note/backend/pkg/common/websocket/conn.go:74.19,77.5 2 0
github.com/SodbilegTugsbayr/Smart-Note/backend/pkg/common/websocket/conn.go:78.4,78.11 1 0
github.com/SodbilegTugsbayr/Smart-Note/backend/pkg/common/websocket/conn.go:79.66,79.66 0 0
github.com/SodbilegTugsbayr/Smart-Note/backend/pkg/common/websocket/conn.go:81.23,82.18 1 0
github.com/SodbilegTugsbayr/Smart-Note/backend/pkg/common/websocket/conn.go:84.4,84.14 1 0
github.com/SodbilegTugsbayr/Smart-Note/backend/pkg/common/websocket/conn.go:84.14,85.10 1 0
github.com/SodbilegTugsbayr/Smart-Note/backend/pkg/common/websocket/conn.go:88.4,88.31 1 0
github.com/SodbilegTugsbayr/Smart-Note/backend/pkg/common/websocket/socket.go:22.23,28.2 2 0
github.com/SodbilegTugsbayr/Smart-Note/backend/pkg/common/websocket/socket.go:30.68,33.2 2 0
github.com/SodbilegTugsbayr/Smart-Note/backend/pkg/common/websocket/socket.go:35.53,38.38 3 0
github.com/SodbilegTugsbayr/Smart-Note/backend/pkg/common/websocket/socket.go:38.38,40.3 1 0
github.com/SodbilegTugsbayr/Smart-Note/backend/pkg/common/websocket/socket.go:41.2,43.29 2 0
github.com/SodbilegTugsbayr/Smart-Note/backend/pkg/common/websocket/socket.go:43.29,45.3 1 0
github.com/SodbilegTugsbayr/Smart-Note/backend/pkg/common/websocket/socket.go:48.50,51.8 3 0
github.com/SodbilegTugsbayr/Smart-Note/backend/pkg/common/websocket/socket.go:51.8,53.3 1 0
github.com/SodbilegTugsbayr/Smart-Note/backend/pkg/common/websocket/socket.go:54.2,55.9 2 0
github.com/SodbilegTugsbayr/Smart-Note/backend/pkg/common/websocket/socket.go:55.9,57.3 1 0
github.com/SodbilegTugsbayr/Smart-Note/backend/pkg/common/websocket/socket.go:58.2,58.25 1 0
github.com/SodbilegTugsbayr/Smart-Note/backend/pkg/common/websocket/socket.go:58.25,60.3 1 0
github.com/SodbilegTugsbayr/Smart-Note/backend/pkg/common/websocket/socket.go:61.2,61.9 1 0
github.com/SodbilegTugsbayr/Smart-Note/backend/pkg/common/websocket/socket.go:62.30,62.30 0 0
github.com/SodbilegTugsbayr/Smart-Note/backend/pkg/common/websocket/socket.go:63.10,63.10 0 0
github.com/SodbilegTugsbayr/Smart-Note/backend/pkg/common/websocket/socket.go:65.2,65.23 1 0
github.com/SodbilegTugsbayr/Smart-Note/backend/pkg/common/websocket/socket.go:71.42,73.3 1 0
github.com/SodbilegTugsbayr/Smart-Note/backend/pkg/common/websocket/socket.go:76.70,78.16 2 0
github.com/SodbilegTugsbayr/Smart-Note/backend/pkg/common/websocket/socket.go:78.16,82.3 3 0
github.com/SodbilegTugsbayr/Smart-Note/backend/pkg/common/websocket/socket.go:86.2,92.62 7 0
github.com/SodbilegTugsbayr/Smart-Note/backend/pkg/common/websocket/socket.go:92.62,95.3 2 0
github.com/SodbilegTugsbayr/Smart-Note/backend/pkg/common/websocket/socket.go:97.2,97.25 1 0
github.com/SodbilegTugsbayr/Smart-Note/backend/pkg/common/websocket/socket.go:97.25,98.47 1 0
github.com/SodbilegTugsbayr/Smart-Note/backend/pkg/common/websocket/socket.go:98.47,101.4 2 0
github.com/SodbilegTugsbayr/Smart-Note/backend/pkg/common/websocket/socket.go:104.2,104.12 1 0
github.com/SodbilegTugsbayr/Smart-Note/backend/pkg/common/websocket/socket.go:104.12,105.7 1 0
github.com/SodbilegTugsbayr/Smart-Note/backend/pkg/common/websocket/socket.go:105.7,109.11 4 0
github.com/SodbilegTugsbayr/Smart-Note/backend/pkg/common/websocket/socket.go:109.11,110.10 1 0
github.com/SodbilegTugsbayr/Smart-Note/backend/pkg/common/websocket/socket.go:113.4,114.18 2 0
github.com/SodbilegTugsbayr/Smart-Note/backend/pkg/common/websocket/socket.go:114.18,117.10 3 0
github.com/SodbilegTugsbayr/Smart-Note/backend/pkg/common/websocket/socket.go:120.4,121.18 2 0
github.com/SodbilegTugsbayr/Smart-Note/backend/pkg/common/websocket/socket.go:121.18,124.10 3 0
github.com/SodbilegTugsbayr/Smart-Note/backend/pkg/common/websocket/socket.go:127.4,128.54 2 0
github.com/SodbilegTugsbayr/Smart-Note/backend/pkg/common/websocket/socket.go:128.54,129.33 1 0
github.com/SodbilegTugsbayr/Smart-Note/backend/pkg/common/websocket/socket.go:129.33,131.14 2 0
github.com/SodbilegTugsbayr/Smart-Note/backend/pkg/common/websocket/socket.go:133.5,133.27 1 0
github.com/SodbilegTugsbayr/Smart-Note/backend/pkg/common/websocket/socket.go:133.27,135.14 2 0
github.com/SodbilegTugsbayr/Smart-Note/backend/pkg/common/websocket/socket.go:137.5,137.30 1 0
github.com/SodbilegTugsbayr/Smart-Note/backend/pkg/common/websocket/socket.go:137.30,139.6 1 0
github.com/SodbilegTugsbayr/Smart-Note/backend/pkg/common/websocket/socket.go:140.10,141.28 1 0
github.com/SodbilegTugsbayr/Smart-Note/backend/pkg/common/websocket/socket.go:141.28,143.6 1 0
github.com/SodbilegTugsbayr/Smart-Note/backend/internal/testdb/testdb.go:19.34,23.15 3 0
github.com/SodbilegTugsbayr/Smart-Note/backend/internal/testdb/testdb.go:23.15,25.3 1 0
github.com/SodbilegTugsbayr/Smart-Note/backend/internal/testdb/testdb.go:27.2,30.16 2 0
github.com/SodbilegTugsbayr/Smart-Note/backend/internal/testdb/testdb.go:30.16,32.3 1 0
github.com/SodbilegTugsbayr/Smart-Note/backend/internal/testdb/testdb.go:34.2,35.16 2 0
github.com/SodbilegTugsbayr/Smart-Note/backend/internal/testdb/testdb.go:35.16,37.3 1 0
github.com/SodbilegTugsbayr/Smart-Note/backend/internal/testdb/testdb.go:38.2,38.37 1 0
github.com/SodbilegTugsbayr/Smart-Note/backend/internal/testdb/testdb.go:38.37,40.3 1 0
github.com/SodbilegTugsbayr/Smart-Note/backend/internal/testdb/testdb.go:41.2,44.75 3 0
github.com/SodbilegTugsbayr/Smart-Note/backend/internal/testdb/testdb.go:44.75,46.3 1 0
github.com/SodbilegTugsbayr/Smart-Note/backend/internal/testdb/testdb.go:48.2,54.16 1 0
github.com/SodbilegTugsbayr/Smart-Note/backend/internal/testdb/testdb.go:54.16,56.3 1 0
github.com/SodbilegTugsbayr/Smart-Note/backend/internal/testdb/testdb.go:58.2,59.19 2 0
github.com/SodbilegTugsbayr/Smart-Note/backend/internal/testdb/testdb.go:59.19,61.78 2 0
github.com/SodbilegTugsbayr/Smart-Note/backend/internal/testdb/testdb.go:61.78,63.4 1 0
github.com/SodbilegTugsbayr/Smart-Note/backend/internal/testdb/testdb.go:64.3,64.20 1 0
github.com/SodbilegTugsbayr/Smart-Note/backend/internal/testdb/testdb.go:67.2,67.11 1 0
github.com/SodbilegTugsbayr/Smart-Note/backend/internal/testdb/testdb.go:70.39,73.126 2 0
github.com/SodbilegTugsbayr/Smart-Note/backend/internal/testdb/testdb.go:73.126,75.3 1 0
github.com/SodbilegTugsbayr/Smart-Note/backend/internal/testdb/testdb.go:78.34,80.2 1 0
github.com/SodbilegTugsbayr/Smart-Note/backend/pkg/courseman/service.go:16.70,22.2 1 1
github.com/SodbilegTugsbayr/Smart-Note/backend/pkg/courseman/service.go:24.56,27.19 2 1
github.com/SodbilegTugsbayr/Smart-Note/backend/pkg/courseman/service.go:27.19,29.3 1 1
github.com/SodbilegTugsbayr/Smart-Note/backend/pkg/courseman/service.go:31.2,31.23 1 1
github.com/SodbilegTugsbayr/Smart-Note/backend/pkg/courseman/service.go:31.23,33.3 1 1
github.com/SodbilegTugsbayr/Smart-Note/backend/pkg/courseman/service.go:35.2,35.26 1 1
github.com/SodbilegTugsbayr/Smart-Note/backend/pkg/courseman/service.go:35.26,38.3 1 1
github.com/SodbilegTugsbayr/Smart-Note/backend/pkg/courseman/service.go:40.2,40.26 1 1
github.com/SodbilegTugsbayr/Smart-Note/backend/pkg/courseman/service.go:40.26,42.3 1 1
github.com/SodbilegTugsbayr/Smart-Note/backend/pkg/courseman/service.go:44.2,44.14 1 1
github.com/SodbilegTugsbayr/Smart-Note/backend/pkg/courseman/service.go:47.54,51.67 3 1
github.com/SodbilegTugsbayr/Smart-Note/backend/pkg/courseman/service.go:51.67,53.3 1 0
github.com/SodbilegTugsbayr/Smart-Note/backend/pkg/courseman/service.go:55.2,55.24 1 1
github.com/SodbilegTugsbayr/Smart-Note/backend/pkg/courseman/service.go:58.102,62.67 3 1
github.com/SodbilegTugsbayr/Smart-Note/backend/pkg/courseman/service.go:62.67,64.3 1 0
github.com/SodbilegTugsbayr/Smart-Note/backend/pkg/courseman/service.go:66.2,66.35 1 1
github.com/SodbilegTugsbayr/Smart-Note/backend/pkg/courseman/service.go:66.35,68.3 1 0
github.com/SodbilegTugsbayr/Smart-Note/backend/pkg/courseman/service.go:70.2,70.14 1 1
github.com/SodbilegTugsbayr/Smart-Note/backend/pkg/courseman/service.go:70.14,72.15 2 1
github.com/SodbilegTugsbayr/Smart-Note/backend/pkg/courseman/service.go:72.15,74.4 1 1
github.com/SodbilegTugsbayr/Smart-Note/backend/pkg/courseman/service.go:77.2,78.51 2 1
github.com/SodbilegTugsbayr/Smart-Note/backend/pkg/courseman/service.go:78.51,80.3 1 0
github.com/SodbilegTugsbayr/Smart-Note/backend/pkg/courseman/service.go:82.2,82.33 1 1
github.com/SodbilegTugsbayr/Smart-Note/backend/pkg/courseman/service.go:85.54,88.56 2 1
github.com/SodbilegTugsbayr/Smart-Note/backend/pkg/courseman/service.go:88.56,89.45 1 1
github.com/SodbilegTugsbayr/Smart-Note/backend/pkg/courseman/service.go:89.45,91.4 1 1
github.com/SodbilegTugsbayr/Smart-Note/backend/pkg/courseman/service.go:91.9,93.4 1 0
github.com/SodbilegTugsbayr/Smart-Note/backend/pkg/courseman/service.go:96.2,96.20 1 0
github.com/SodbilegTugsbayr/Smart-Note/backend/pkg/courseman/service.go:99.72,103.35 3 1
github.com/SodbilegTugsbayr/Smart-Note/backend/pkg/courseman/service.go:103.35,105.3 1 1
github.com/SodbilegTugsbayr/Smart-Note/backend/pkg/courseman/service.go:107.2,107.55 1 1
github.com/SodbilegTugsbayr/Smart-Note/backend/pkg/courseman/service.go:107.55,108.45 1 1
github.com/SodbilegTugsbayr/Smart-Note/backend/pkg/courseman/service.go:108.45,110.4 1 1
github.com/SodbilegTugsbayr/Smart-Note/backend/pkg/courseman/service.go:110.9,112.4 1 0
github.com/SodbilegTugsbayr/Smart-Note/backend/pkg/courseman/service.go:115.2,115.20 1 1
github.com/SodbilegTugsbayr/Smart-Note/backend/pkg/courseman/service.go:118.55,119.46 1 1
github.com/SodbilegTugsbayr/Smart-Note/backend/pkg/courseman/service.go:119.46,121.3 1 0
github.com/SodbilegTugsbayr/Smart-Note/backend/pkg/courseman/service.go:122.2,122.18 1 1
github.com/SodbilegTugsbayr/Smart-Note/backend/pkg/courseman/service.go:125.40,127.2 1 1
github.com/SodbilegTugsbayr/Smart-Note/backend/pkg/noteman/entities.go:36.45,39.2 2 1
github.com/SodbilegTugsbayr/Smart-Note/backend/pkg/noteman/entities.go:41.34,43.2 1 1
github.com/SodbilegTugsbayr/Smart-Note/backend/pkg/noteman/service.go:16.70,22.2 1 1
github.com/SodbilegTugsbayr/Smart-Note/backend/pkg/noteman/service.go:24.56,27.19 2 1
github.com/SodbilegTugsbayr/Smart-Note/backend/pkg/noteman/service.go:27.19,29.3 1 1
github.com/SodbilegTugsbayr/Smart-Note/backend/pkg/noteman/service.go:31.2,31.25 1 1
github.com/SodbilegTugsbayr/Smart-Note/backend/pkg/noteman/service.go:31.25,33.3 1 1
github.com/SodbilegTugsbayr/Smart-Note/backend/pkg/noteman/service.go:35.2,35.32 1 1
github.com/SodbilegTugsbayr/Smart-Note/backend/pkg/noteman/service.go:35.32,37.3 1 1
github.com/SodbilegTugsbayr/Smart-Note/backend/pkg/noteman/service.go:39.2,39.26 1 1
github.com/SodbilegTugsbayr/Smart-Note/backend/pkg/noteman/service.go:39.26,42.3 1 1
github.com/SodbilegTugsbayr/Smart-Note/backend/pkg/noteman/service.go:44.2,44.26 1 1
github.com/SodbilegTugsbayr/Smart-Note/backend/pkg/noteman/service.go:44.26,46.3 1 1
github.com/SodbilegTugsbayr/Smart-Note/backend/pkg/noteman/service.go:48.2,48.14 1 1
github.com/SodbilegTugsbayr/Smart-Note/backend/pkg/noteman/service.go:51.54,55.65 3 1
github.com/SodbilegTugsbayr/Smart-Note/backend/pkg/noteman/service.go:55.65,57.3 1 0
github.com/SodbilegTugsbayr/Smart-Note/backend/pkg/noteman/service.go:59.2,59.24 1 1
github.com/SodbilegTugsbayr/Smart-Note/backend/pkg/noteman/service.go:62.80,66.65 3 1
github.com/SodbilegTugsbayr/Smart-Note/backend/pkg/noteman/service.go:66.65,68.3 1 0
github.com/SodbilegTugsbayr/Smart-Note/backend/pkg/noteman/service.go:70.2,70.14 1 1
github.com/SodbilegTugsbayr/Smart-Note/backend/pkg/noteman/service.go:70.14,72.15 2 1
github.com/SodbilegTugsbayr/Smart-Note/backend/pkg/noteman/service.go:72.15,74.4 1 1
github.com/SodbilegTugsbayr/Smart-Note/backend/pkg/noteman/service.go:77.2,78.49 2 1
github.com/SodbilegTugsbayr/Smart-Note/backend/pkg/noteman/service.go:78.49,80.3 1 0
github.com/SodbilegTugsbayr/Smart-Note/backend/pkg/noteman/service.go:82.2,82.31 1 1
github.com/SodbilegTugsbayr/Smart-Note/backend/pkg/noteman/service.go:85.50,88.54 2 1
github.com/SodbilegTugsbayr/Smart-Note/backend/pkg/noteman/service.go:88.54,89.45 1 1
github.com/SodbilegTugsbayr/Smart-Note/backend/pkg/noteman/service.go:89.45,91.4 1 1
github.com/SodbilegTugsbayr/Smart-Note/backend/pkg/noteman/service.go:91.9,93.4 1 0
github.com/SodbilegTugsbayr/Smart-Note/backend/pkg/noteman/service.go:96.2,96.18 1 0
github.com/SodbilegTugsbayr/Smart-Note/backend/pkg/noteman/service.go:99.70,102.52 2 1
github.com/SodbilegTugsbayr/Smart-Note/backend/pkg/noteman/service.go:102.52,103.45 1 1
github.com/SodbilegTugsbayr/Smart-Note/backend/pkg/noteman/service.go:103.45,105.4 1 1
github.com/SodbilegTugsbayr/Smart-Note/backend/pkg/noteman/service.go:105.9,107.4 1 0
github.com/SodbilegTugsbayr/Smart-Note/backend/pkg/noteman/service.go:110.2,110.18 1 1
github.com/SodbilegTugsbayr/Smart-Note/backend/pkg/noteman/service.go:113.51,114.46 1 1
github.com/SodbilegTugsbayr/Smart-Note/backend/pkg/noteman/service.go:114.46,116.3 1 0
github.com/SodbilegTugsbayr/Smart-Note/backend/pkg/noteman/service.go:117.2,117.18 1 1
github.com/SodbilegTugsbayr/Smart-Note/backend/pkg/noteman/service.go:120.40,122.2 1 1
github.com/SodbilegTugsbayr/Smart-Note/backend/pkg/quizman/service.go:16.70,22.2 1 1
github.com/SodbilegTugsbayr/Smart-Note/backend/pkg/quizman/service.go:24.56,27.19 2 1
github.com/SodbilegTugsbayr/Smart-Note/backend/pkg/quizman/service.go:27.19,29.3 1 1
github.com/SodbilegTugsbayr/Smart-Note/backend/pkg/quizman/service.go:31.2,31.23 1 1
github.com/SodbilegTugsbayr/Smart-Note/backend/pkg/quizman/service.go:31.23,33.3 1 1
github.com/SodbilegTugsbayr/Smart-Note/backend/pkg/quizman/service.go:35.2,35.26 1 1
github.com/SodbilegTugsbayr/Smart-Note/backend/pkg/quizman/service.go:35.26,37.3 1 1
github.com/SodbilegTugsbayr/Smart-Note/backend/pkg/quizman/service.go:39.2,39.26 1 1
github.com/SodbilegTugsbayr/Smart-Note/backend/pkg/quizman/service.go:39.26,41.3 1 1
github.com/SodbilegTugsbayr/Smart-Note/backend/pkg/quizman/service.go:43.2,43.14 1 1
github.com/SodbilegTugsbayr/Smart-Note/backend/pkg/quizman/service.go:46.54,50.65 3 1
github.com/SodbilegTugsbayr/Smart-Note/backend/pkg/quizman/service.go:50.65,52.3 1 0
github.com/SodbilegTugsbayr/Smart-Note/backend/pkg/quizman/service.go:54.2,54.24 1 1
github.com/SodbilegTugsbayr/Smart-Note/backend/pkg/quizman/service.go:57.80,61.65 3 1
github.com/SodbilegTugsbayr/Smart-Note/backend/pkg/quizman/service.go:61.65,63.3 1 0
github.com/SodbilegTugsbayr/Smart-Note/backend/pkg/quizman/service.go:65.2,65.14 1 1
github.com/SodbilegTugsbayr/Smart-Note/backend/pkg/quizman/service.go:65.14,67.15 2 1
github.com/SodbilegTugsbayr/Smart-Note/backend/pkg/quizman/service.go:67.15,69.4 1 1
github.com/SodbilegTugsbayr/Smart-Note/backend/pkg/quizman/service.go:72.2,73.49 2 1
github.com/SodbilegTugsbayr/Smart-Note/backend/pkg/quizman/service.go:73.49,75.3 1 0
github.com/SodbilegTugsbayr/Smart-Note/backend/pkg/quizman/service.go:77.2,77.31 1 1
github.com/SodbilegTugsbayr/Smart-Note/backend/pkg/quizman/service.go:80.50,83.54 2 1
github.com/SodbilegTugsbayr/Smart-Note/backend/pkg/quizman/service.go:83.54,84.45 1 1
github.com/SodbilegTugsbayr/Smart-Note/backend/pkg/quizman/service.go:84.45,86.4 1 1
github.com/SodbilegTugsbayr/Smart-Note/backend/pkg/quizman/service.go:86.9,88.4 1 0
github.com/SodbilegTugsbayr/Smart-Note/backend/pkg/quizman/service.go:91.2,91.18 1 0
github.com/SodbilegTugsbayr/Smart-Note/backend/pkg/quizman/service.go:94.50,97.52 2 1
github.com/SodbilegTugsbayr/Smart-Note/backend/pkg/quizman/service.go:97.52,98.45 1 1
github.com/SodbilegTugsbayr/Smart-Note/backend/pkg/quizman/service.go:98.45,100.4 1 1
github.com/SodbilegTugsbayr/Smart-Note/backend/pkg/quizman/service.go:100.9,102.4 1 0
github.com/SodbilegTugsbayr/Smart-Note/backend/pkg/quizman/service.go:105.2,105.18 1 1
github.com/SodbilegTugsbayr/Smart-Note/backend/pkg/quizman/service.go:108.51,109.46 1 1
github.com/SodbilegTugsbayr/Smart-Note/backend/pkg/quizman/service.go:109.46,111.3 1 0
github.com/SodbilegTugsbayr/Smart-Note/backend/pkg/quizman/service.go:112.2,112.18 1 1
github.com/SodbilegTugsbayr/Smart-Note/backend/pkg/quizman/service.go:115.69,116.46 1 1
github.com/SodbilegTugsbayr/Smart-Note/backend/pkg/quizman/service.go:116.46,118.3 1 0
github.com/SodbilegTugsbayr/Smart-Note/backend/pkg/quizman/service.go:119.2,119.18 1 1
github.com/SodbilegTugsbayr/Smart-Note/backend/pkg/quizman/service.go:122.40,124.2 1 1
github.com/SodbilegTugsbayr/Smart-Note/backend/cmd/web/default_data.go:9.36,13.16 3 0
github.com/SodbilegTugsbayr/Smart-Note/backend/cmd/web/default_data.go:13.16,22.3 2 0
github.com/SodbilegTugsbayr/Smart-Note/backend/cmd/web/handlers.go:18.51,20.2 1 1
github.com/SodbilegTugsbayr/Smart-Note/backend/cmd/web/handlers.go:22.53,25.2 2 1
github.com/SodbilegTugsbayr/Smart-Note/backend/cmd/web/handlers.go:27.73,29.13 2 0
github.com/SodbilegTugsbayr/Smart-Note/backend/cmd/web/handlers.go:29.13,31.3 1 0
github.com/SodbilegTugsbayr/Smart-Note/backend/cmd/web/handlers.go:33.2,39.24 5 0
github.com/SodbilegTugsbayr/Smart-Note/backend/cmd/web/handlers.go:39.24,43.58 3 0
github.com/SodbilegTugsbayr/Smart-Note/backend/cmd/web/handlers.go:43.58,44.25 1 0
github.com/SodbilegTugsbayr/Smart-Note/backend/cmd/web/handlers.go:44.25,46.10 2 0
github.com/SodbilegTugsbayr/Smart-Note/backend/cmd/web/handlers.go:51.2,51.12 1 0
github.com/SodbilegTugsbayr/Smart-Note/backend/cmd/web/handlers.go:54.49,57.2 2 1
github.com/SodbilegTugsbayr/Smart-Note/backend/cmd/web/hs_admin.go:16.60,18.16 2 1
github.com/SodbilegTugsbayr/Smart-Note/backend/cmd/web/hs_admin.go:18.16,21.3 2 0
github.com/SodbilegTugsbayr/Smart-Note/backend/cmd/web/hs_admin.go:22.2,23.16 2 1
github.com/SodbilegTugsbayr/Smart-Note/backend/cmd/web/hs_admin.go:23.16,26.3 2 0
github.com/SodbilegTugsbayr/Smart-Note/backend/cmd/web/hs_admin.go:27.2,28.16 2 1
github.com/SodbilegTugsbayr/Smart-Note/backend/cmd/web/hs_admin.go:28.16,31.3 2 0
github.com/SodbilegTugsbayr/Smart-Note/backend/cmd/web/hs_admin.go:32.2,33.16 2 1
github.com/SodbilegTugsbayr/Smart-Note/backend/cmd/web/hs_admin.go:33.16,36.3 2 0
github.com/SodbilegTugsbayr/Smart-Note/backend/cmd/web/hs_admin.go:37.2,38.16 2 1
github.com/SodbilegTugsbayr/Smart-Note/backend/cmd/web/hs_admin.go:38.16,41.3 2 0
github.com/SodbilegTugsbayr/Smart-Note/backend/cmd/web/hs_admin.go:42.2,43.16 2 1
github.com/SodbilegTugsbayr/Smart-Note/backend/cmd/web/hs_admin.go:43.16,46.3 2 0
github.com/SodbilegTugsbayr/Smart-Note/backend/cmd/web/hs_admin.go:48.2,49.16 2 1
github.com/SodbilegTugsbayr/Smart-Note/backend/cmd/web/hs_admin.go:49.16,52.3 2 0
github.com/SodbilegTugsbayr/Smart-Note/backend/cmd/web/hs_admin.go:53.2,54.16 2 1
github.com/SodbilegTugsbayr/Smart-Note/backend/cmd/web/hs_admin.go:54.16,57.3 2 0
github.com/SodbilegTugsbayr/Smart-Note/backend/cmd/web/hs_admin.go:58.2,59.16 2 1
github.com/SodbilegTugsbayr/Smart-Note/backend/cmd/web/hs_admin.go:59.16,62.3 2 0
github.com/SodbilegTugsbayr/Smart-Note/backend/cmd/web/hs_admin.go:64.2,65.16 2 1
github.com/SodbilegTugsbayr/Smart-Note/backend/cmd/web/hs_admin.go:65.16,68.3 2 0
github.com/SodbilegTugsbayr/Smart-Note/backend/cmd/web/hs_admin.go:69.2,70.16 2 1
github.com/SodbilegTugsbayr/Smart-Note/backend/cmd/web/hs_admin.go:70.16,73.3 2 0
github.com/SodbilegTugsbayr/Smart-Note/backend/cmd/web/hs_admin.go:74.2,75.16 2 1
github.com/SodbilegTugsbayr/Smart-Note/backend/cmd/web/hs_admin.go:75.16,78.3 2 0
github.com/SodbilegTugsbayr/Smart-Note/backend/cmd/web/hs_admin.go:79.2,80.16 2 1
github.com/SodbilegTugsbayr/Smart-Note/backend/cmd/web/hs_admin.go:80.16,83.3 2 0
github.com/SodbilegTugsbayr/Smart-Note/backend/cmd/web/hs_admin.go:84.2,85.16 2 1
github.com/SodbilegTugsbayr/Smart-Note/backend/cmd/web/hs_admin.go:85.16,88.3 2 0
github.com/SodbilegTugsbayr/Smart-Note/backend/cmd/web/hs_admin.go:90.2,91.16 2 1
github.com/SodbilegTugsbayr/Smart-Note/backend/cmd/web/hs_admin.go:91.16,94.3 2 0
github.com/SodbilegTugsbayr/Smart-Note/backend/cmd/web/hs_admin.go:95.2,96.16 2 1
github.com/SodbilegTugsbayr/Smart-Note/backend/cmd/web/hs_admin.go:96.16,99.3 2 0
github.com/SodbilegTugsbayr/Smart-Note/backend/cmd/web/hs_admin.go:101.2,126.4 1 1
github.com/SodbilegTugsbayr/Smart-Note/backend/cmd/web/hs_admin.go:129.62,137.16 4 1
github.com/SodbilegTugsbayr/Smart-Note/backend/cmd/web/hs_admin.go:137.16,140.3 2 0
github.com/SodbilegTugsbayr/Smart-Note/backend/cmd/web/hs_admin.go:142.2,143.16 2 1
github.com/SodbilegTugsbayr/Smart-Note/backend/cmd/web/hs_admin.go:143.16,146.3 2 0
github.com/SodbilegTugsbayr/Smart-Note/backend/cmd/web/hs_admin.go:148.2,152.4 1 1
github.com/SodbilegTugsbayr/Smart-Note/backend/cmd/web/hs_admin.go:155.60,166.16 5 1
github.com/SodbilegTugsbayr/Smart-Note/backend/cmd/web/hs_admin.go:166.16,169.3 2 0
github.com/SodbilegTugsbayr/Smart-Note/backend/cmd/web/hs_admin.go:171.2,172.16 2 1
github.com/SodbilegTugsbayr/Smart-Note/backend/cmd/web/hs_admin.go:172.16,175.3 2 0
github.com/SodbilegTugsbayr/Smart-Note/backend/cmd/web/hs_admin.go:176.2,177.16 2 1
github.com/SodbilegTugsbayr/Smart-Note/backend/cmd/web/hs_admin.go:177.16,180.3 2 0
github.com/SodbilegTugsbayr/Smart-Note/backend/cmd/web/hs_admin.go:182.2,187.4 1 1
github.com/SodbilegTugsbayr/Smart-Note/backend/cmd/web/hs_admin.go:190.65,193.36 3 1
github.com/SodbilegTugsbayr/Smart-Note/backend/cmd/web/hs_admin.go:193.36,196.3 2 1
github.com/SodbilegTugsbayr/Smart-Note/backend/cmd/web/hs_admin.go:197.2,197.67 1 1
github.com/SodbilegTugsbayr/Smart-Note/backend/cmd/web/hs_admin.go:197.67,200.3 2 1
github.com/SodbilegTugsbayr/Smart-Note/backend/cmd/web/hs_admin.go:202.2,202.62 1 1
github.com/SodbilegTugsbayr/Smart-Note/backend/cmd/web/hs_admin.go:202.62,205.3 2 0
github.com/SodbilegTugsbayr/Smart-Note/backend/cmd/web/hs_admin.go:207.2,211.30 4 1
github.com/SodbilegTugsbayr/Smart-Note/backend/cmd/web/hs_admin.go:214.58,216.16 2 1
github.com/SodbilegTugsbayr/Smart-Note/backend/cmd/web/hs_admin.go:216.16,218.3 1 0
github.com/SodbilegTugsbayr/Smart-Note/backend/cmd/web/hs_admin.go:219.2,219.31 1 1
github.com/SodbilegTugsbayr/Smart-Note/backend/cmd/web/hs_admin.go:219.31,220.53 1 0
github.com/SodbilegTugsbayr/Smart-Note/backend/cmd/web/hs_admin.go:220.53,222.4 1 0
github.com/SodbilegTugsbayr/Smart-Note/backend/cmd/web/hs_admin.go:225.2,233.12 8 1
github.com/SodbilegTugsbayr/Smart-Note/backend/cmd/web/hs_admin.go:236.84,238.86 2 1
github.com/SodbilegTugsbayr/Smart-Note/backend/cmd/web/hs_admin.go:238.86,240.3 1 0
github.com/SodbilegTugsbayr/Smart-Note/backend/cmd/web/hs_admin.go:241.2,241.24 1 1
github.com/SodbilegTugsbayr/Smart-Note/backend/cmd/web/hs_admin.go:244.54,247.15 3 1
github.com/SodbilegTugsbayr/Smart-Note/backend/cmd/web/hs_admin.go:247.15,249.3 1 1
github.com/SodbilegTugsbayr/Smart-Note/backend/cmd/web/hs_admin.go:250.2,250.29 1 1
github.com/SodbilegTugsbayr/Smart-Note/backend/cmd/web/hs_admin.go:250.29,252.3 1 1
github.com/SodbilegTugsbayr/Smart-Note/backend/cmd/web/hs_admin.go:253.2,253.19 1 1
github.com/SodbilegTugsbayr/Smart-Note/backend/cmd/web/hs_admin.go:256.52,257.51 1 1
github.com/SodbilegTugsbayr/Smart-Note/backend/cmd/web/hs_admin.go:258.151,259.51 1 1
github.com/SodbilegTugsbayr/Smart-Note/backend/cmd/web/hs_admin.go:260.10,261.18 1 1
github.com/SodbilegTugsbayr/Smart-Note/backend/cmd/web/hs_admin.go:265.49,266.34 1 1
github.com/SodbilegTugsbayr/Smart-Note/backend/cmd/web/hs_admin.go:267.106,268.34 1 1
github.com/SodbilegTugsbayr/Smart-Note/backend/cmd/web/hs_admin.go:269.10,270.12 1 1
github.com/SodbilegTugsbayr/Smart-Note/backend/cmd/web/hs_admin.go:274.82,277.33 3 1
github.com/SodbilegTugsbayr/Smart-Note/backend/cmd/web/hs_admin.go:277.33,278.48 1 1
github.com/SodbilegTugsbayr/Smart-Note/backend/cmd/web/hs_admin.go:278.48,281.4 2 1
github.com/SodbilegTugsbayr/Smart-Note/backend/cmd/web/hs_admin.go:283.2,283.24 1 1
github.com/SodbilegTugsbayr/Smart-Note/backend/cmd/web/hs_admin.go:286.91,289.33 3 1
github.com/SodbilegTugsbayr/Smart-Note/backend/cmd/web/hs_admin.go:289.33,290.48 1 1
github.com/SodbilegTugsbayr/Smart-Note/backend/cmd/web/hs_admin.go:290.48,293.4 2 1
github.com/SodbilegTugsbayr/Smart-Note/backend/cmd/web/hs_admin.go:295.2,295.24 1 1
github.com/SodbilegTugsbayr/Smart-Note/backend/cmd/web/hs_admin.go:298.59,300.19 2 1
github.com/SodbilegTugsbayr/Smart-Note/backend/cmd/web/hs_admin.go:300.19,302.3 1 0
github.com/SodbilegTugsbayr/Smart-Note/backend/cmd/web/hs_admin.go:304.2,305.16 2 1
github.com/SodbilegTugsbayr/Smart-Note/backend/cmd/web/hs_admin.go:305.16,307.3 1 0
github.com/SodbilegTugsbayr/Smart-Note/backend/cmd/web/hs_admin.go:308.2,308.28 1 1
github.com/SodbilegTugsbayr/Smart-Note/backend/cmd/web/hs_admin.go:308.28,310.3 1 1
github.com/SodbilegTugsbayr/Smart-Note/backend/cmd/web/hs_admin.go:311.2,311.19 1 1
github.com/SodbilegTugsbayr/Smart-Note/backend/cmd/web/hs_admin.go:314.80,317.29 3 1
github.com/SodbilegTugsbayr/Smart-Note/backend/cmd/web/hs_admin.go:317.29,318.48 1 1
github.com/SodbilegTugsbayr/Smart-Note/backend/cmd/web/hs_admin.go:318.48,321.4 2 1
github.com/SodbilegTugsbayr/Smart-Note/backend/cmd/web/hs_admin.go:324.2,325.25 2 1
github.com/SodbilegTugsbayr/Smart-Note/backend/cmd/web/hs_admin.go:325.25,327.3 1 0
github.com/SodbilegTugsbayr/Smart-Note/backend/cmd/web/hs_admin.go:329.2,330.77 2 1
github.com/SodbilegTugsbayr/Smart-Note/backend/cmd/web/hs_admin.go:330.77,332.3 1 0
github.com/SodbilegTugsbayr/Smart-Note/backend/cmd/web/hs_admin.go:333.2,333.30 1 1
github.com/SodbilegTugsbayr/Smart-Note/backend/cmd/web/hs_admin.go:333.30,335.3 1 1
github.com/SodbilegTugsbayr/Smart-Note/backend/cmd/web/hs_admin.go:336.2,336.21 1 1
github.com/SodbilegTugsbayr/Smart-Note/backend/cmd/web/hs_ai.go:32.65,34.62 2 1
github.com/SodbilegTugsbayr/Smart-Note/backend/cmd/web/hs_ai.go:34.62,37.3 2 1
github.com/SodbilegTugsbayr/Smart-Note/backend/cmd/web/hs_ai.go:39.2,40.9 2 1
github.com/SodbilegTugsbayr/Smart-Note/backend/cmd/web/hs_ai.go:40.9,42.3 1 1
github.com/SodbilegTugsbayr/Smart-Note/backend/cmd/web/hs_ai.go:43.2,45.36 2 1
github.com/SodbilegTugsbayr/Smart-Note/backend/cmd/web/hs_ai.go:45.36,46.131 1 1
github.com/SodbilegTugsbayr/Smart-Note/backend/cmd/web/hs_ai.go:46.131,48.4 1 1
github.com/SodbilegTugsbayr/Smart-Note/backend/cmd/web/hs_ai.go:51.2,52.16 2 1
github.com/SodbilegTugsbayr/Smart-Note/backend/cmd/web/hs_ai.go:52.16,55.3 2 0
github.com/SodbilegTugsbayr/Smart-Note/backend/cmd/web/hs_ai.go:57.2,60.4 1 1
github.com/SodbilegTugsbayr/Smart-Note/backend/cmd/web/hs_ai.go:63.71,65.62 2 1
github.com/SodbilegTugsbayr/Smart-Note/backend/cmd/web/hs_ai.go:65.62,68.3 2 1
github.com/SodbilegTugsbayr/Smart-Note/backend/cmd/web/hs_ai.go:70.2,71.9 2 1
github.com/SodbilegTugsbayr/Smart-Note/backend/cmd/web/hs_ai.go:71.9,73.3 1 0
github.com/SodbilegTugsbayr/Smart-Note/backend/cmd/web/hs_ai.go:74.2,76.36 2 1
github.com/SodbilegTugsbayr/Smart-Note/backend/cmd/web/hs_ai.go:76.36,77.59 1 1
github.com/SodbilegTugsbayr/Smart-Note/backend/cmd/web/hs_ai.go:77.59,79.4 1 1
github.com/SodbilegTugsbayr/Smart-Note/backend/cmd/web/hs_ai.go:82.2,83.16 2 1
github.com/SodbilegTugsbayr/Smart-Note/backend/cmd/web/hs_ai.go:83.16,86.3 2 0
github.com/SodbilegTugsbayr/Smart-Note/backend/cmd/web/hs_ai.go:88.2,88.29 1 1
github.com/SodbilegTugsbayr/Smart-Note/backend/cmd/web/hs_ai.go:91.59,93.62 2 1
github.com/SodbilegTugsbayr/Smart-Note/backend/cmd/web/hs_ai.go:93.62,96.3 2 1
github.com/SodbilegTugsbayr/Smart-Note/backend/cmd/web/hs_ai.go:98.2,100.36 3 1
github.com/SodbilegTugsbayr/Smart-Note/backend/cmd/web/hs_ai.go:100.36,103.3 2 1
github.com/SodbilegTugsbayr/Smart-Note/backend/cmd/web/hs_ai.go:105.2,106.9 2 1
github.com/SodbilegTugsbayr/Smart-Note/backend/cmd/web/hs_ai.go:106.9,108.3 1 1
github.com/SodbilegTugsbayr/Smart-Note/backend/cmd/web/hs_ai.go:109.2,109.28 1 1
github.com/SodbilegTugsbayr/Smart-Note/backend/cmd/web/hs_ai.go:109.28,112.3 2 1
github.com/SodbilegTugsbayr/Smart-Note/backend/cmd/web/hs_ai.go:114.2,115.21 2 1
github.com/SodbilegTugsbayr/Smart-Note/backend/cmd/web/hs_ai.go:115.21,116.37 1 1
github.com/SodbilegTugsbayr/Smart-Note/backend/cmd/web/hs_ai.go:116.37,117.30 1 1
github.com/SodbilegTugsbayr/Smart-Note/backend/cmd/web/hs_ai.go:117.30,119.10 2 1
github.com/SodbilegTugsbayr/Smart-Note/backend/cmd/web/hs_ai.go:124.2,130.16 3 1
github.com/SodbilegTugsbayr/Smart-Note/backend/cmd/web/hs_ai.go:130.16,133.3 2 0
github.com/SodbilegTugsbayr/Smart-Note/backend/cmd/web/hs_ai.go:135.2,135.29 1 1
github.com/SodbilegTugsbayr/Smart-Note/backend/cmd/web/hs_ai.go:138.60,140.62 2 1
github.com/SodbilegTugsbayr/Smart-Note/backend/cmd/web/hs_ai.go:140.62,143.3 2 1
github.com/SodbilegTugsbayr/Smart-Note/backend/cmd/web/hs_ai.go:145.2,146.20 2 1
github.com/SodbilegTugsbayr/Smart-Note/backend/cmd/web/hs_ai.go:146.20,149.3 2 1
github.com/SodbilegTugsbayr/Smart-Note/backend/cmd/web/hs_ai.go:151.2,152.9 2 1
github.com/SodbilegTugsbayr/Smart-Note/backend/cmd/web/hs_ai.go:152.9,154.3 1 1
github.com/SodbilegTugsbayr/Smart-Note/backend/cmd/web/hs_ai.go:156.2,157.38 2 1
github.com/SodbilegTugsbayr/Smart-Note/backend/cmd/web/hs_ai.go:157.38,160.3 2 1
github.com/SodbilegTugsbayr/Smart-Note/backend/cmd/web/hs_ai.go:162.2,163.16 2 0
github.com/SodbilegTugsbayr/Smart-Note/backend/cmd/web/hs_ai.go:163.16,166.3 2 0
github.com/SodbilegTugsbayr/Smart-Note/backend/cmd/web/hs_ai.go:168.2,168.55 1 0
github.com/SodbilegTugsbayr/Smart-Note/backend/cmd/web/hs_ai.go:171.58,175.36 3 1
github.com/SodbilegTugsbayr/Smart-Note/backend/cmd/web/hs_ai.go:175.36,176.42 1 1
github.com/SodbilegTugsbayr/Smart-Note/backend/cmd/web/hs_ai.go:176.42,178.4 1 1
github.com/SodbilegTugsbayr/Smart-Note/backend/cmd/web/hs_ai.go:179.3,179.44 1 1
github.com/SodbilegTugsbayr/Smart-Note/backend/cmd/web/hs_ai.go:179.44,182.4 2 1
github.com/SodbilegTugsbayr/Smart-Note/backend/cmd/web/hs_ai.go:183.3,183.44 1 1
github.com/SodbilegTugsbayr/Smart-Note/backend/cmd/web/hs_ai.go:183.44,185.4 1 1
github.com/SodbilegTugsbayr/Smart-Note/backend/cmd/web/hs_ai.go:186.3,186.85 1 1
github.com/SodbilegTugsbayr/Smart-Note/backend/cmd/web/hs_ai.go:186.85,189.4 2 1
github.com/SodbilegTugsbayr/Smart-Note/backend/cmd/web/hs_ai.go:190.3,190.40 1 1
github.com/SodbilegTugsbayr/Smart-Note/backend/cmd/web/hs_ai.go:190.40,192.4 1 0
github.com/SodbilegTugsbayr/Smart-Note/backend/cmd/web/hs_ai.go:195.2,195.25 1 1
github.com/SodbilegTugsbayr/Smart-Note/backend/cmd/web/hs_ai.go:198.49,200.2 1 1
github.com/SodbilegTugsbayr/Smart-Note/backend/cmd/web/hs_ai.go:202.52,204.25 2 1
github.com/SodbilegTugsbayr/Smart-Note/backend/cmd/web/hs_ai.go:204.25,206.3 1 1
github.com/SodbilegTugsbayr/Smart-Note/backend/cmd/web/hs_ai.go:207.2,207.30 1 1
github.com/SodbilegTugsbayr/Smart-Note/backend/cmd/web/hs_auth_basic.go:28.53,30.65 2 1
github.com/SodbilegTugsbayr/Smart-Note/backend/cmd/web/hs_auth_basic.go:30.65,33.3 2 1
github.com/SodbilegTugsbayr/Smart-Note/backend/cmd/web/hs_auth_basic.go:35.2,43.54 2 1
github.com/SodbilegTugsbayr/Smart-Note/backend/cmd/web/hs_auth_basic.go:43.54,46.3 2 1
github.com/SodbilegTugsbayr/Smart-Note/backend/cmd/web/hs_auth_basic.go:48.2,48.76 1 1
github.com/SodbilegTugsbayr/Smart-Note/backend/cmd/web/hs_auth_basic.go:48.76,51.3 2 1
github.com/SodbilegTugsbayr/Smart-Note/backend/cmd/web/hs_auth_basic.go:53.2,53.75 1 1
github.com/SodbilegTugsbayr/Smart-Note/backend/cmd/web/hs_auth_basic.go:53.75,56.3 2 1
github.com/SodbilegTugsbayr/Smart-Note/backend/cmd/web/hs_auth_basic.go:56.8,56.49 1 1
github.com/SodbilegTugsbayr/Smart-Note/backend/cmd/web/hs_auth_basic.go:56.49,59.3 2 0
github.com/SodbilegTugsbayr/Smart-Note/backend/cmd/web/hs_auth_basic.go:61.2,62.16 2 1
github.com/SodbilegTugsbayr/Smart-Note/backend/cmd/web/hs_auth_basic.go:62.16,65.3 2 0
github.com/SodbilegTugsbayr/Smart-Note/backend/cmd/web/hs_auth_basic.go:67.2,72.16 5 1
github.com/SodbilegTugsbayr/Smart-Note/backend/cmd/web/hs_auth_basic.go:72.16,75.3 2 0
github.com/SodbilegTugsbayr/Smart-Note/backend/cmd/web/hs_auth_basic.go:77.2,78.29 2 1
github.com/SodbilegTugsbayr/Smart-Note/backend/cmd/web/hs_auth_basic.go:81.52,83.65 2 1
github.com/SodbilegTugsbayr/Smart-Note/backend/cmd/web/hs_auth_basic.go:83.65,86.3 2 1
github.com/SodbilegTugsbayr/Smart-Note/backend/cmd/web/hs_auth_basic.go:88.2,89.43 2 1
github.com/SodbilegTugsbayr/Smart-Note/backend/cmd/web/hs_auth_basic.go:89.43,92.3 2 1
github.com/SodbilegTugsbayr/Smart-Note/backend/cmd/web/hs_auth_basic.go:94.2,95.16 2 1
github.com/SodbilegTugsbayr/Smart-Note/backend/cmd/web/hs_auth_basic.go:95.16,96.42 1 1
github.com/SodbilegTugsbayr/Smart-Note/backend/cmd/web/hs_auth_basic.go:96.42,98.4 1 1
github.com/SodbilegTugsbayr/Smart-Note/backend/cmd/web/hs_auth_basic.go:98.9,100.4 1 0
github.com/SodbilegTugsbayr/Smart-Note/backend/cmd/web/hs_auth_basic.go:101.3,101.9 1 1
github.com/SodbilegTugsbayr/Smart-Note/backend/cmd/web/hs_auth_basic.go:104.2,104.93 1 1
github.com/SodbilegTugsbayr/Smart-Note/backend/cmd/web/hs_auth_basic.go:104.93,107.3 2 1
github.com/SodbilegTugsbayr/Smart-Note/backend/cmd/web/hs_auth_basic.go:109.2,109.22 1 1
github.com/SodbilegTugsbayr/Smart-Note/backend/cmd/web/hs_auth_basic.go:109.22,111.3 1 0
github.com/SodbilegTugsbayr/Smart-Note/backend/cmd/web/hs_auth_basic.go:112.2,114.48 2 1
github.com/SodbilegTugsbayr/Smart-Note/backend/cmd/web/hs_auth_basic.go:114.48,117.3 2 0
github.com/SodbilegTugsbayr/Smart-Note/backend/cmd/web/hs_auth_basic.go:119.2,120.24 2 1
github.com/SodbilegTugsbayr/Smart-Note/backend/cmd/web/hs_course.go:23.61,30.15 5 1
github.com/SodbilegTugsbayr/Smart-Note/backend/cmd/web/hs_course.go:30.15,32.3 1 0
github.com/SodbilegTugsbayr/Smart-Note/backend/cmd/web/hs_course.go:33.2,33.29 1 1
github.com/SodbilegTugsbayr/Smart-Note/backend/cmd/web/hs_course.go:33.29,35.3 1 0
github.com/SodbilegTugsbayr/Smart-Note/backend/cmd/web/hs_course.go:37.2,43.16 6 1
github.com/SodbilegTugsbayr/Smart-Note/backend/cmd/web/hs_course.go:43.16,46.3 2 0
github.com/SodbilegTugsbayr/Smart-Note/backend/cmd/web/hs_course.go:48.2,51.4 1 1
github.com/SodbilegTugsbayr/Smart-Note/backend/cmd/web/hs_course.go:60.57,63.38 2 1
github.com/SodbilegTugsbayr/Smart-Note/backend/cmd/web/hs_course.go:63.38,65.3 1 0
github.com/SodbilegTugsbayr/Smart-Note/backend/cmd/web/hs_course.go:67.2,70.17 3 1
github.com/SodbilegTugsbayr/Smart-Note/backend/cmd/web/hs_course.go:70.17,73.3 2 1
github.com/SodbilegTugsbayr/Smart-Note/backend/cmd/web/hs_course.go:75.2,76.23 2 1
github.com/SodbilegTugsbayr/Smart-Note/backend/cmd/web/hs_course.go:76.23,79.3 2 1
github.com/SodbilegTugsbayr/Smart-Note/backend/cmd/web/hs_course.go:81.2,82.16 2 1
github.com/SodbilegTugsbayr/Smart-Note/backend/cmd/web/hs_course.go:82.16,84.3 1 1
github.com/SodbilegTugsbayr/Smart-Note/backend/cmd/web/hs_course.go:86.2,97.16 10 1
github.com/SodbilegTugsbayr/Smart-Note/backend/cmd/web/hs_course.go:97.16,100.52 3 1
github.com/SodbilegTugsbayr/Smart-Note/backend/cmd/web/hs_course.go:100.52,103.4 2 0
github.com/SodbilegTugsbayr/Smart-Note/backend/cmd/web/hs_course.go:105.3,106.17 2 1
github.com/SodbilegTugsbayr/Smart-Note/backend/cmd/web/hs_course.go:106.17,110.4 3 1
github.com/SodbilegTugsbayr/Smart-Note/backend/cmd/web/hs_course.go:112.3,116.24 5 1
github.com/SodbilegTugsbayr/Smart-Note/backend/cmd/web/hs_course.go:116.24,117.73 1 1
github.com/SodbilegTugsbayr/Smart-Note/backend/cmd/web/hs_course.go:117.73,121.5 3 1
github.com/SodbilegTugsbayr/Smart-Note/backend/cmd/web/hs_course.go:124.3,124.29 1 1
github.com/SodbilegTugsbayr/Smart-Note/backend/cmd/web/hs_course.go:127.2,127.33 1 1
github.com/SodbilegTugsbayr/Smart-Note/backend/cmd/web/hs_course.go:127.33,130.3 1 1
github.com/SodbilegTugsbayr/Smart-Note/backend/cmd/web/hs_course.go:131.2,132.16 2 1
github.com/SodbilegTugsbayr/Smart-Note/backend/cmd/web/hs_course.go:132.16,136.3 3 0
github.com/SodbilegTugsbayr/Smart-Note/backend/cmd/web/hs_course.go:138.2,139.51 2 1
github.com/SodbilegTugsbayr/Smart-Note/backend/cmd/web/hs_course.go:139.51,140.31 1 1
github.com/SodbilegTugsbayr/Smart-Note/backend/cmd/web/hs_course.go:140.31,141.38 1 1
github.com/SodbilegTugsbayr/Smart-Note/backend/cmd/web/hs_course.go:141.38,154.19 3 1
github.com/SodbilegTugsbayr/Smart-Note/backend/cmd/web/hs_course.go:154.19,157.6 2 0
github.com/SodbilegTugsbayr/Smart-Note/backend/cmd/web/hs_course.go:159.5,159.45 1 1
github.com/SodbilegTugsbayr/Smart-Note/backend/cmd/web/hs_course.go:161.9,172.18 3 0
github.com/SodbilegTugsbayr/Smart-Note/backend/cmd/web/hs_course.go:172.18,175.5 2 0
github.com/SodbilegTugsbayr/Smart-Note/backend/cmd/web/hs_course.go:177.4,177.44 1 0
github.com/SodbilegTugsbayr/Smart-Note/backend/cmd/web/hs_course.go:181.2,181.31 1 1
github.com/SodbilegTugsbayr/Smart-Note/backend/cmd/web/hs_course.go:184.56,187.48 3 1
github.com/SodbilegTugsbayr/Smart-Note/backend/cmd/web/hs_course.go:187.48,190.3 2 0
github.com/SodbilegTugsbayr/Smart-Note/backend/cmd/web/hs_course.go:192.2,192.32 1 1
github.com/SodbilegTugsbayr/Smart-Note/backend/cmd/web/hs_course.go:204.59,207.48 3 1
github.com/SodbilegTugsbayr/Smart-Note/backend/cmd/web/hs_course.go:207.48,210.3 2 1
github.com/SodbilegTugsbayr/Smart-Note/backend/cmd/web/hs_course.go:212.2,213.62 2 1
github.com/SodbilegTugsbayr/Smart-Note/backend/cmd/web/hs_course.go:213.62,216.3 2 1
github.com/SodbilegTugsbayr/Smart-Note/backend/cmd/web/hs_course.go:218.2,218.23 1 1
github.com/SodbilegTugsbayr/Smart-Note/backend/cmd/web/hs_course.go:218.23,220.18 2 1
github.com/SodbilegTugsbayr/Smart-Note/backend/cmd/web/hs_course.go:220.18,223.4 2 1
github.com/SodbilegTugsbayr/Smart-Note/backend/cmd/web/hs_course.go:224.3,224.29 1 1
github.com/SodbilegTugsbayr/Smart-Note/backend/cmd/web/hs_course.go:226.2,226.29 1 1
github.com/SodbilegTugsbayr/Smart-Note/backend/cmd/web/hs_course.go:226.29,228.3 1 1
github.com/SodbilegTugsbayr/Smart-Note/backend/cmd/web/hs_course.go:229.2,229.24 1 1
github.com/SodbilegTugsbayr/Smart-Note/backend/cmd/web/hs_course.go:229.24,231.85 2 1
github.com/SodbilegTugsbayr/Smart-Note/backend/cmd/web/hs_course.go:231.85,234.4 2 1
github.com/SodbilegTugsbayr/Smart-Note/backend/cmd/web/hs_course.go:235.3,235.31 1 1
github.com/SodbilegTugsbayr/Smart-Note/backend/cmd/web/hs_course.go:237.2,237.26 1 1
github.com/SodbilegTugsbayr/Smart-Note/backend/cmd/web/hs_course.go:237.26,239.19 2 1
github.com/SodbilegTugsbayr/Smart-Note/backend/cmd/web/hs_course.go:239.19,241.4 1 1
github.com/SodbilegTugsbayr/Smart-Note/backend/cmd/web/hs_course.go:242.3,242.21 1 1
github.com/SodbilegTugsbayr/Smart-Note/backend/cmd/web/hs_course.go:242.21,244.4 1 1
github.com/SodbilegTugsbayr/Smart-Note/backend/cmd/web/hs_course.go:245.3,245.35 1 1
github.com/SodbilegTugsbayr/Smart-Note/backend/cmd/web/hs_course.go:247.2,247.26 1 1
github.com/SodbilegTugsbayr/Smart-Note/backend/cmd/web/hs_course.go:247.26,249.3 1 1
github.com/SodbilegTugsbayr/Smart-Note/backend/cmd/web/hs_course.go:250.2,250.22 1 1
github.com/SodbilegTugsbayr/Smart-Note/backend/cmd/web/hs_course.go:250.22,252.17 2 1
github.com/SodbilegTugsbayr/Smart-Note/backend/cmd/web/hs_course.go:252.17,254.4 1 1
github.com/SodbilegTugsbayr/Smart-Note/backend/cmd/web/hs_course.go:257.2,258.16 2 1
github.com/SodbilegTugsbayr/Smart-Note/backend/cmd/web/hs_course.go:258.16,261.3 2 0
github.com/SodbilegTugsbayr/Smart-Note/backend/cmd/web/hs_course.go:263.2,263.31 1 1
github.com/SodbilegTugsbayr/Smart-Note/backend/cmd/web/hs_course.go:266.59,269.48 3 1
github.com/SodbilegTugsbayr/Smart-Note/backend/cmd/web/hs_course.go:269.48,272.3 2 1
github.com/SodbilegTugsbayr/Smart-Note/backend/cmd/web/hs_course.go:274.2,274.42 1 1
github.com/SodbilegTugsbayr/Smart-Note/backend/cmd/web/hs_course.go:274.42,275.54 1 0
github.com/SodbilegTugsbayr/Smart-Note/backend/cmd/web/hs_course.go:275.54,278.4 2 0
github.com/SodbilegTugsbayr/Smart-Note/backend/cmd/web/hs_course.go:281.2,281.60 1 1
github.com/SodbilegTugsbayr/Smart-Note/backend/cmd/web/hs_course.go:281.60,284.3 2 0
github.com/SodbilegTugsbayr/Smart-Note/backend/cmd/web/hs_course.go:285.2,285.38 1 1
github.com/SodbilegTugsbayr/Smart-Note/backend/cmd/web/hs_course.go:285.38,286.66 1 1
github.com/SodbilegTugsbayr/Smart-Note/backend/cmd/web/hs_course.go:286.66,288.4 1 0
github.com/SodbilegTugsbayr/Smart-Note/backend/cmd/web/hs_course.go:291.2,291.32 1 1
github.com/SodbilegTugsbayr/Smart-Note/backend/cmd/web/hs_course.go:294.73,296.2 1 1
github.com/SodbilegTugsbayr/Smart-Note/backend/cmd/web/hs_course.go:298.86,299.33 1 1
github.com/SodbilegTugsbayr/Smart-Note/backend/cmd/web/hs_course.go:299.33,301.3 1 0
github.com/SodbilegTugsbayr/Smart-Note/backend/cmd/web/hs_course.go:303.2,304.16 2 1
github.com/SodbilegTugsbayr/Smart-Note/backend/cmd/web/hs_course.go:304.16,307.3 2 0
github.com/SodbilegTugsbayr/Smart-Note/backend/cmd/web/hs_course.go:308.2,312.33 4 1
github.com/SodbilegTugsbayr/Smart-Note/backend/cmd/web/hs_course.go:312.33,314.3 1 0
github.com/SodbilegTugsbayr/Smart-Note/backend/cmd/web/hs_course.go:316.2,324.24 3 1
github.com/SodbilegTugsbayr/Smart-Note/backend/cmd/web/hs_course.go:324.24,326.3 1 1
github.com/SodbilegTugsbayr/Smart-Note/backend/cmd/web/hs_course.go:328.2,328.54 1 1
github.com/SodbilegTugsbayr/Smart-Note/backend/cmd/web/hs_course.go:328.54,330.3 1 0
github.com/SodbilegTugsbayr/Smart-Note/backend/cmd/web/hs_course.go:332.2,335.16 3 1
github.com/SodbilegTugsbayr/Smart-Note/backend/cmd/web/hs_course.go:335.16,337.3 1 0
github.com/SodbilegTugsbayr/Smart-Note/backend/cmd/web/hs_course.go:338.2,338.15 1 1
github.com/SodbilegTugsbayr/Smart-Note/backend/cmd/web/hs_course.go:338.15,340.3 1 1
github.com/SodbilegTugsbayr/Smart-Note/backend/cmd/web/hs_course.go:342.2,342.50 1 1
github.com/SodbilegTugsbayr/Smart-Note/backend/cmd/web/hs_course.go:342.50,344.3 1 0
github.com/SodbilegTugsbayr/Smart-Note/backend/cmd/web/hs_course.go:346.2,346.21 1 1
github.com/SodbilegTugsbayr/Smart-Note/backend/cmd/web/hs_notes.go:72.63,75.48 3 1
github.com/SodbilegTugsbayr/Smart-Note/backend/cmd/web/hs_notes.go:75.48,78.3 2 1
github.com/SodbilegTugsbayr/Smart-Note/backend/cmd/web/hs_notes.go:80.2,81.89 2 1
github.com/SodbilegTugsbayr/Smart-Note/backend/cmd/web/hs_notes.go:81.89,84.3 2 0
github.com/SodbilegTugsbayr/Smart-Note/backend/cmd/web/hs_notes.go:86.2,87.17 2 1
github.com/SodbilegTugsbayr/Smart-Note/backend/cmd/web/hs_notes.go:87.17,89.3 1 1
github.com/SodbilegTugsbayr/Smart-Note/backend/cmd/web/hs_notes.go:91.2,100.16 3 1
github.com/SodbilegTugsbayr/Smart-Note/backend/cmd/web/hs_notes.go:100.16,103.3 2 0
github.com/SodbilegTugsbayr/Smart-Note/backend/cmd/web/hs_notes.go:104.2,104.63 1 1
github.com/SodbilegTugsbayr/Smart-Note/backend/cmd/web/hs_notes.go:104.63,107.3 2 0
github.com/SodbilegTugsbayr/Smart-Note/backend/cmd/web/hs_notes.go:109.2,110.29 2 1
github.com/SodbilegTugsbayr/Smart-Note/backend/cmd/web/hs_notes.go:113.57,118.9 4 1
github.com/SodbilegTugsbayr/Smart-Note/backend/cmd/web/hs_notes.go:118.9,120.3 1 0
github.com/SodbilegTugsbayr/Smart-Note/backend/cmd/web/hs_notes.go:121.2,121.42 1 1
github.com/SodbilegTugsbayr/Smart-Note/backend/cmd/web/hs_notes.go:121.42,124.3 2 1
github.com/SodbilegTugsbayr/Smart-Note/backend/cmd/web/hs_notes.go:126.2,127.62 2 1
github.com/SodbilegTugsbayr/Smart-Note/backend/cmd/web/hs_notes.go:127.62,130.3 2 1
github.com/SodbilegTugsbayr/Smart-Note/backend/cmd/web/hs_notes.go:132.2,132.23 1 1
github.com/SodbilegTugsbayr/Smart-Note/backend/cmd/web/hs_notes.go:132.23,134.18 2 1
github.com/SodbilegTugsbayr/Smart-Note/backend/cmd/web/hs_notes.go:134.18,137.4 2 1
github.com/SodbilegTugsbayr/Smart-Note/backend/cmd/web/hs_notes.go:138.3,138.27 1 1
github.com/SodbilegTugsbayr/Smart-Note/backend/cmd/web/hs_notes.go:140.2,140.25 1 1
github.com/SodbilegTugsbayr/Smart-Note/backend/cmd/web/hs_notes.go:140.25,142.3 1 1
github.com/SodbilegTugsbayr/Smart-Note/backend/cmd/web/hs_notes.go:144.2,145.16 2 1
github.com/SodbilegTugsbayr/Smart-Note/backend/cmd/web/hs_notes.go:145.16,148.3 2 0
github.com/SodbilegTugsbayr/Smart-Note/backend/cmd/web/hs_notes.go:150.2,151.29 2 1
github.com/SodbilegTugsbayr/Smart-Note/backend/cmd/web/hs_notes.go:154.57,159.9 4 1
github.com/SodbilegTugsbayr/Smart-Note/backend/cmd/web/hs_notes.go:159.9,161.3 1 0
github.com/SodbilegTugsbayr/Smart-Note/backend/cmd/web/hs_notes.go:162.2,162.42 1 1
github.com/SodbilegTugsbayr/Smart-Note/backend/cmd/web/hs_notes.go:162.42,165.3 2 1
github.com/SodbilegTugsbayr/Smart-Note/backend/cmd/web/hs_notes.go:167.2,167.59 1 1
github.com/SodbilegTugsbayr/Smart-Note/backend/cmd/web/hs_notes.go:167.59,170.3 2 0
github.com/SodbilegTugsbayr/Smart-Note/backend/cmd/web/hs_notes.go:171.2,171.67 1 1
github.com/SodbilegTugsbayr/Smart-Note/backend/cmd/web/hs_notes.go:171.67,174.3 2 0
github.com/SodbilegTugsbayr/Smart-Note/backend/cmd/web/hs_notes.go:176.2,177.30 2 1
github.com/SodbilegTugsbayr/Smart-Note/backend/cmd/web/hs_notes.go:180.61,185.9 4 1
github.com/SodbilegTugsbayr/Smart-Note/backend/cmd/web/hs_notes.go:185.9,187.3 1 0
github.com/SodbilegTugsbayr/Smart-Note/backend/cmd/web/hs_notes.go:188.2,188.42 1 1
github.com/SodbilegTugsbayr/Smart-Note/backend/cmd/web/hs_notes.go:188.42,191.3 2 0
github.com/SodbilegTugsbayr/Smart-Note/backend/cmd/web/hs_notes.go:192.2,192.27 1 1
github.com/SodbilegTugsbayr/Smart-Note/backend/cmd/web/hs_notes.go:192.27,195.3 2 0
github.com/SodbilegTugsbayr/Smart-Note/backend/cmd/web/hs_notes.go:196.2,196.50 1 1
github.com/SodbilegTugsbayr/Smart-Note/backend/cmd/web/hs_notes.go:196.50,199.3 2 1
github.com/SodbilegTugsbayr/Smart-Note/backend/cmd/web/hs_notes.go:201.2,201.38 1 1
github.com/SodbilegTugsbayr/Smart-Note/backend/cmd/web/hs_notes.go:201.38,203.3 1 0
github.com/SodbilegTugsbayr/Smart-Note/backend/cmd/web/hs_notes.go:205.2,206.16 2 1
github.com/SodbilegTugsbayr/Smart-Note/backend/cmd/web/hs_notes.go:206.16,209.3 2 0
github.com/SodbilegTugsbayr/Smart-Note/backend/cmd/web/hs_notes.go:210.2,213.40 3 1
github.com/SodbilegTugsbayr/Smart-Note/backend/cmd/web/hs_notes.go:213.40,217.53 4 0
github.com/SodbilegTugsbayr/Smart-Note/backend/cmd/web/hs_notes.go:217.53,220.4 2 0
github.com/SodbilegTugsbayr/Smart-Note/backend/cmd/web/hs_notes.go:223.2,224.53 2 1
github.com/SodbilegTugsbayr/Smart-Note/backend/cmd/web/hs_notes.go:224.53,227.3 2 0
github.com/SodbilegTugsbayr/Smart-Note/backend/cmd/web/hs_notes.go:229.2,230.16 2 1
github.com/SodbilegTugsbayr/Smart-Note/backend/cmd/web/hs_notes.go:230.16,234.3 3 0
github.com/SodbilegTugsbayr/Smart-Note/backend/cmd/web/hs_notes.go:236.2,246.16 10 1
github.com/SodbilegTugsbayr/Smart-Note/backend/cmd/web/hs_notes.go:246.16,250.3 3 0
github.com/SodbilegTugsbayr/Smart-Note/backend/cmd/web/hs_notes.go:251.2,251.67 1 1
github.com/SodbilegTugsbayr/Smart-Note/backend/cmd/web/hs_notes.go:251.67,254.3 2 0
github.com/SodbilegTugsbayr/Smart-Note/backend/cmd/web/hs_notes.go:256.2,260.56 4 1
github.com/SodbilegTugsbayr/Smart-Note/backend/cmd/web/hs_notes.go:263.61,268.9 4 1
github.com/SodbilegTugsbayr/Smart-Note/backend/cmd/web/hs_notes.go:268.9,270.3 1 0
github.com/SodbilegTugsbayr/Smart-Note/backend/cmd/web/hs_notes.go:271.2,271.42 1 1
github.com/SodbilegTugsbayr/Smart-Note/backend/cmd/web/hs_notes.go:271.42,274.3 2 1
github.com/SodbilegTugsbayr/Smart-Note/backend/cmd/web/hs_notes.go:276.2,280.16 2 1
github.com/SodbilegTugsbayr/Smart-Note/backend/cmd/web/hs_notes.go:280.16,283.3 2 0
github.com/SodbilegTugsbayr/Smart-Note/backend/cmd/web/hs_notes.go:285.2,288.4 1 1
github.com/SodbilegTugsbayr/Smart-Note/backend/cmd/web/hs_notes.go:291.61,296.9 4 1
github.com/SodbilegTugsbayr/Smart-Note/backend/cmd/web/hs_notes.go:296.9,298.3 1 0
github.com/SodbilegTugsbayr/Smart-Note/backend/cmd/web/hs_notes.go:299.2,299.42 1 1
github.com/SodbilegTugsbayr/Smart-Note/backend/cmd/web/hs_notes.go:299.42,302.3 2 1
github.com/SodbilegTugsbayr/Smart-Note/backend/cmd/web/hs_notes.go:304.2,305.62 2 1
github.com/SodbilegTugsbayr/Smart-Note/backend/cmd/web/hs_notes.go:305.62,308.3 2 1
github.com/SodbilegTugsbayr/Smart-Note/backend/cmd/web/hs_notes.go:309.2,309.28 1 1
github.com/SodbilegTugsbayr/Smart-Note/backend/cmd/web/hs_notes.go:309.28,312.3 2 1
github.com/SodbilegTugsbayr/Smart-Note/backend/cmd/web/hs_notes.go:314.2,318.16 2 1
github.com/SodbilegTugsbayr/Smart-Note/backend/cmd/web/hs_notes.go:318.16,321.3 2 0
github.com/SodbilegTugsbayr/Smart-Note/backend/cmd/web/hs_notes.go:322.2,322.23 1 1
github.com/SodbilegTugsbayr/Smart-Note/backend/cmd/web/hs_notes.go:322.23,325.3 2 1
github.com/SodbilegTugsbayr/Smart-Note/backend/cmd/web/hs_notes.go:327.2,328.31 2 1
github.com/SodbilegTugsbayr/Smart-Note/backend/cmd/web/hs_notes.go:328.31,330.3 1 1
github.com/SodbilegTugsbayr/Smart-Note/backend/cmd/web/hs_notes.go:332.2,333.38 2 1
github.com/SodbilegTugsbayr/Smart-Note/backend/cmd/web/hs_notes.go:333.38,334.25 1 1
github.com/SodbilegTugsbayr/Smart-Note/backend/cmd/web/hs_notes.go:334.25,337.4 2 1
github.com/SodbilegTugsbayr/Smart-Note/backend/cmd/web/hs_notes.go:338.3,338.44 1 1
github.com/SodbilegTugsbayr/Smart-Note/backend/cmd/web/hs_notes.go:338.44,341.4 2 1
github.com/SodbilegTugsbayr/Smart-Note/backend/cmd/web/hs_notes.go:342.3,342.69 1 1
github.com/SodbilegTugsbayr/Smart-Note/backend/cmd/web/hs_notes.go:345.2,347.31 3 1
github.com/SodbilegTugsbayr/Smart-Note/backend/cmd/web/hs_notes.go:347.31,351.14 4 1
github.com/SodbilegTugsbayr/Smart-Note/backend/cmd/web/hs_notes.go:351.14,353.4 1 1
github.com/SodbilegTugsbayr/Smart-Note/backend/cmd/web/hs_notes.go:354.3,361.5 1 1
github.com/SodbilegTugsbayr/Smart-Note/backend/cmd/web/hs_notes.go:364.2,376.16 5 1
github.com/SodbilegTugsbayr/Smart-Note/backend/cmd/web/hs_notes.go:376.16,379.3 2 0
github.com/SodbilegTugsbayr/Smart-Note/backend/cmd/web/hs_notes.go:381.2,381.12 1 1
github.com/SodbilegTugsbayr/Smart-Note/backend/cmd/web/hs_notes.go:381.12,383.3 1 1
github.com/SodbilegTugsbayr/Smart-Note/backend/cmd/web/hs_notes.go:383.8,385.3 1 1
github.com/SodbilegTugsbayr/Smart-Note/backend/cmd/web/hs_notes.go:387.2,388.16 2 1
github.com/SodbilegTugsbayr/Smart-Note/backend/cmd/web/hs_notes.go:388.16,391.3 2 0
github.com/SodbilegTugsbayr/Smart-Note/backend/cmd/web/hs_notes.go:392.2,395.16 3 1
github.com/SodbilegTugsbayr/Smart-Note/backend/cmd/web/hs_notes.go:395.16,398.3 2 0
github.com/SodbilegTugsbayr/Smart-Note/backend/cmd/web/hs_notes.go:400.2,411.12 2 1
github.com/SodbilegTugsbayr/Smart-Note/backend/cmd/web/hs_notes.go:411.12,415.3 3 1
github.com/SodbilegTugsbayr/Smart-Note/backend/cmd/web/hs_notes.go:417.2,423.51 5 1
github.com/SodbilegTugsbayr/Smart-Note/backend/cmd/web/hs_notes.go:426.66,428.31 2 1
github.com/SodbilegTugsbayr/Smart-Note/backend/cmd/web/hs_notes.go:428.31,429.18 1 1
github.com/SodbilegTugsbayr/Smart-Note/backend/cmd/web/hs_notes.go:429.18,430.12 1 1
github.com/SodbilegTugsbayr/Smart-Note/backend/cmd/web/hs_notes.go:432.3,432.52 1 1
github.com/SodbilegTugsbayr/Smart-Note/backend/cmd/web/hs_notes.go:434.2,434.15 1 1
github.com/SodbilegTugsbayr/Smart-Note/backend/cmd/web/hs_notes.go:437.58,444.2 1 1
github.com/SodbilegTugsbayr/Smart-Note/backend/cmd/web/hs_notes.go:446.74,448.25 2 1
github.com/SodbilegTugsbayr/Smart-Note/backend/cmd/web/hs_notes.go:448.25,450.3 1 1
github.com/SodbilegTugsbayr/Smart-Note/backend/cmd/web/hs_notes.go:451.2,451.15 1 1
github.com/SodbilegTugsbayr/Smart-Note/backend/cmd/web/hs_notes.go:454.66,456.16 2 1
github.com/SodbilegTugsbayr/Smart-Note/backend/cmd/web/hs_notes.go:456.16,458.3 1 0
github.com/SodbilegTugsbayr/Smart-Note/backend/cmd/web/hs_notes.go:460.2,462.36 3 1
github.com/SodbilegTugsbayr/Smart-Note/backend/cmd/web/hs_notes.go:462.36,463.46 1 1
github.com/SodbilegTugsbayr/Smart-Note/backend/cmd/web/hs_notes.go:463.46,465.4 1 1
github.com/SodbilegTugsbayr/Smart-Note/backend/cmd/web/hs_notes.go:468.2,469.15 2 1
github.com/SodbilegTugsbayr/Smart-Note/backend/cmd/web/hs_notes.go:469.15,471.3 1 1
github.com/SodbilegTugsbayr/Smart-Note/backend/cmd/web/hs_notes.go:473.2,474.37 2 1
github.com/SodbilegTugsbayr/Smart-Note/backend/cmd/web/hs_notes.go:474.37,476.3 1 1
github.com/SodbilegTugsbayr/Smart-Note/backend/cmd/web/hs_notes.go:476.8,478.3 1 1
github.com/SodbilegTugsbayr/Smart-Note/backend/cmd/web/hs_notes.go:480.2,482.52 3 1
github.com/SodbilegTugsbayr/Smart-Note/backend/cmd/web/hs_notes.go:482.52,484.3 1 0
github.com/SodbilegTugsbayr/Smart-Note/backend/cmd/web/hs_notes.go:485.2,487.20 2 1
github.com/SodbilegTugsbayr/Smart-Note/backend/cmd/web/hs_notes.go:490.103,493.16 3 1
github.com/SodbilegTugsbayr/Smart-Note/backend/cmd/web/hs_notes.go:493.16,494.44 1 1
github.com/SodbilegTugsbayr/Smart-Note/backend/cmd/web/hs_notes.go:494.44,497.4 2 1
github.com/SodbilegTugsbayr/Smart-Note/backend/cmd/web/hs_notes.go:498.3,499.20 2 0
github.com/SodbilegTugsbayr/Smart-Note/backend/cmd/web/hs_notes.go:501.2,501.42 1 1
github.com/SodbilegTugsbayr/Smart-Note/backend/cmd/web/hs_notes.go:501.42,504.3 2 1
github.com/SodbilegTugsbayr/Smart-Note/backend/cmd/web/hs_notes.go:506.2,506.21 1 1
github.com/SodbilegTugsbayr/Smart-Note/backend/cmd/web/hs_notes.go:509.96,511.16 2 1
github.com/SodbilegTugsbayr/Smart-Note/backend/cmd/web/hs_notes.go:511.16,512.44 1 0
github.com/SodbilegTugsbayr/Smart-Note/backend/cmd/web/hs_notes.go:512.44,515.4 2 0
github.com/SodbilegTugsbayr/Smart-Note/backend/cmd/web/hs_notes.go:516.3,517.20 2 0
github.com/SodbilegTugsbayr/Smart-Note/backend/cmd/web/hs_notes.go:520.2,520.21 1 1
github.com/SodbilegTugsbayr/Smart-Note/backend/cmd/web/hs_notes.go:523.55,525.16 2 1
github.com/SodbilegTugsbayr/Smart-Note/backend/cmd/web/hs_notes.go:525.16,527.3 1 0
github.com/SodbilegTugsbayr/Smart-Note/backend/cmd/web/hs_notes.go:528.2,528.31 1 1
github.com/SodbilegTugsbayr/Smart-Note/backend/cmd/web/hs_notes.go:528.31,529.53 1 0
github.com/SodbilegTugsbayr/Smart-Note/backend/cmd/web/hs_notes.go:529.53,531.4 1 0
github.com/SodbilegTugsbayr/Smart-Note/backend/cmd/web/hs_notes.go:534.2,534.34 1 1
github.com/SodbilegTugsbayr/Smart-Note/backend/cmd/web/hs_upload.go:13.57,14.38 1 1
github.com/SodbilegTugsbayr/Smart-Note/backend/cmd/web/hs_upload.go:14.38,16.3 1 0
github.com/SodbilegTugsbayr/Smart-Note/backend/cmd/web/hs_upload.go:18.2,19.16 2 1
github.com/SodbilegTugsbayr/Smart-Note/backend/cmd/web/hs_upload.go:19.16,22.3 2 1
github.com/SodbilegTugsbayr/Smart-Note/backend/cmd/web/hs_upload.go:23.2,27.53 4 1
github.com/SodbilegTugsbayr/Smart-Note/backend/cmd/web/hs_upload.go:27.53,30.3 2 0
github.com/SodbilegTugsbayr/Smart-Note/backend/cmd/web/hs_upload.go:32.2,33.16 2 1
github.com/SodbilegTugsbayr/Smart-Note/backend/cmd/web/hs_upload.go:33.16,37.3 3 1
github.com/SodbilegTugsbayr/Smart-Note/backend/cmd/web/hs_upload.go:39.2,41.16 3 1
github.com/SodbilegTugsbayr/Smart-Note/backend/cmd/web/hs_upload.go:41.16,44.3 2 0
github.com/SodbilegTugsbayr/Smart-Note/backend/cmd/web/hs_upload.go:46.2,48.4 1 1
github.com/SodbilegTugsbayr/Smart-Note/backend/cmd/web/hs_users.go:14.55,19.15 4 1
github.com/SodbilegTugsbayr/Smart-Note/backend/cmd/web/hs_users.go:19.15,21.3 1 1
github.com/SodbilegTugsbayr/Smart-Note/backend/cmd/web/hs_users.go:22.2,22.29 1 1
github.com/SodbilegTugsbayr/Smart-Note/backend/cmd/web/hs_users.go:22.29,24.3 1 1
github.com/SodbilegTugsbayr/Smart-Note/backend/cmd/web/hs_users.go:26.2,31.16 5 1
github.com/SodbilegTugsbayr/Smart-Note/backend/cmd/web/hs_users.go:31.16,34.3 2 0
github.com/SodbilegTugsbayr/Smart-Note/backend/cmd/web/hs_users.go:36.2,39.4 1 1
github.com/SodbilegTugsbayr/Smart-Note/backend/cmd/web/hs_users.go:42.54,45.2 2 1
github.com/SodbilegTugsbayr/Smart-Note/backend/cmd/web/hs_users.go:47.55,49.62 2 1
github.com/SodbilegTugsbayr/Smart-Note/backend/cmd/web/hs_users.go:49.62,52.3 2 1
github.com/SodbilegTugsbayr/Smart-Note/backend/cmd/web/hs_users.go:54.2,54.54 1 1
github.com/SodbilegTugsbayr/Smart-Note/backend/cmd/web/hs_users.go:54.54,57.3 2 1
github.com/SodbilegTugsbayr/Smart-Note/backend/cmd/web/hs_users.go:59.2,66.16 6 1
github.com/SodbilegTugsbayr/Smart-Note/backend/cmd/web/hs_users.go:66.16,69.3 2 0
github.com/SodbilegTugsbayr/Smart-Note/backend/cmd/web/hs_users.go:71.2,71.29 1 1
github.com/SodbilegTugsbayr/Smart-Note/backend/cmd/web/hs_users.go:74.57,77.50 2 1
github.com/SodbilegTugsbayr/Smart-Note/backend/cmd/web/hs_users.go:77.50,80.3 2 0
github.com/SodbilegTugsbayr/Smart-Note/backend/cmd/web/hs_users.go:82.2,82.24 1 1
github.com/SodbilegTugsbayr/Smart-Note/backend/cmd/web/hs_users.go:85.61,89.62 3 1
github.com/SodbilegTugsbayr/Smart-Note/backend/cmd/web/hs_users.go:89.62,92.3 2 1
github.com/SodbilegTugsbayr/Smart-Note/backend/cmd/web/hs_users.go:94.2,94.54 1 1
github.com/SodbilegTugsbayr/Smart-Note/backend/cmd/web/hs_users.go:94.54,97.3 2 1
github.com/SodbilegTugsbayr/Smart-Note/backend/cmd/web/hs_users.go:99.2,104.16 5 1
github.com/SodbilegTugsbayr/Smart-Note/backend/cmd/web/hs_users.go:104.16,107.3 2 0
github.com/SodbilegTugsbayr/Smart-Note/backend/cmd/web/hs_users.go:109.2,109.29 1 1
github.com/SodbilegTugsbayr/Smart-Note/backend/cmd/web/main.go:18.13,48.2 11 0
github.com/SodbilegTugsbayr/Smart-Note/backend/cmd/web/main.go:50.30,51.16 1 0
github.com/SodbilegTugsbayr/Smart-Note/backend/cmd/web/main.go:51.16,52.13 1 0
github.com/SodbilegTugsbayr/Smart-Note/backend/cmd/web/main.go:57.49,60.12 3 0
github.com/SodbilegTugsbayr/Smart-Note/backend/cmd/web/main.go:60.12,64.3 3 0
github.com/SodbilegTugsbayr/Smart-Note/backend/cmd/web/middleware.go:28.51,29.71 1 1
github.com/SodbilegTugsbayr/Smart-Note/backend/cmd/web/middleware.go:29.71,31.24 2 1
github.com/SodbilegTugsbayr/Smart-Note/backend/cmd/web/middleware.go:31.24,35.4 3 1
github.com/SodbilegTugsbayr/Smart-Note/backend/cmd/web/middleware.go:37.3,38.17 2 1
github.com/SodbilegTugsbayr/Smart-Note/backend/cmd/web/middleware.go:38.17,39.43 1 0
github.com/SodbilegTugsbayr/Smart-Note/backend/cmd/web/middleware.go:39.43,42.5 2 0
github.com/SodbilegTugsbayr/Smart-Note/backend/cmd/web/middleware.go:42.10,44.5 1 0
github.com/SodbilegTugsbayr/Smart-Note/backend/cmd/web/middleware.go:45.4,45.10 1 0
github.com/SodbilegTugsbayr/Smart-Note/backend/cmd/web/middleware.go:48.3,50.40 3 1
github.com/SodbilegTugsbayr/Smart-Note/backend/cmd/web/middleware.go:54.50,55.71 1 1
github.com/SodbilegTugsbayr/Smart-Note/backend/cmd/web/middleware.go:55.71,57.14 2 1
github.com/SodbilegTugsbayr/Smart-Note/backend/cmd/web/middleware.go:57.14,60.4 2 1
github.com/SodbilegTugsbayr/Smart-Note/backend/cmd/web/middleware.go:62.3,63.23 2 1
github.com/SodbilegTugsbayr/Smart-Note/backend/cmd/web/middleware.go:63.23,66.4 2 1
github.com/SodbilegTugsbayr/Smart-Note/backend/cmd/web/middleware.go:68.3,68.23 1 1
github.com/SodbilegTugsbayr/Smart-Note/backend/cmd/web/middleware.go:72.51,73.71 1 1
github.com/SodbilegTugsbayr/Smart-Note/backend/cmd/web/middleware.go:73.71,76.38 2 1
github.com/SodbilegTugsbayr/Smart-Note/backend/cmd/web/middleware.go:76.38,79.4 2 1
github.com/SodbilegTugsbayr/Smart-Note/backend/cmd/web/middleware.go:81.3,81.23 1 1
github.com/SodbilegTugsbayr/Smart-Note/backend/cmd/web/middleware.go:85.52,86.71 1 1
github.com/SodbilegTugsbayr/Smart-Note/backend/cmd/web/middleware.go:86.71,90.17 3 1
github.com/SodbilegTugsbayr/Smart-Note/backend/cmd/web/middleware.go:90.17,91.43 1 1
github.com/SodbilegTugsbayr/Smart-Note/backend/cmd/web/middleware.go:91.43,93.5 1 1
github.com/SodbilegTugsbayr/Smart-Note/backend/cmd/web/middleware.go:93.10,95.5 1 0
github.com/SodbilegTugsbayr/Smart-Note/backend/cmd/web/middleware.go:96.4,96.10 1 1
github.com/SodbilegTugsbayr/Smart-Note/backend/cmd/web/middleware.go:99.3,100.40 2 1
github.com/SodbilegTugsbayr/Smart-Note/backend/cmd/web/middleware.go:104.54,105.71 1 1
github.com/SodbilegTugsbayr/Smart-Note/backend/cmd/web/middleware.go:105.71,109.17 3 1
github.com/SodbilegTugsbayr/Smart-Note/backend/cmd/web/middleware.go:109.17,110.45 1 1
github.com/SodbilegTugsbayr/Smart-Note/backend/cmd/web/middleware.go:110.45,112.5 1 1
github.com/SodbilegTugsbayr/Smart-Note/backend/cmd/web/middleware.go:112.10,114.5 1 0
github.com/SodbilegTugsbayr/Smart-Note/backend/cmd/web/middleware.go:115.4,115.10 1 1
github.com/SodbilegTugsbayr/Smart-Note/backend/cmd/web/middleware.go:118.3,119.40 2 1
github.com/SodbilegTugsbayr/Smart-Note/backend/cmd/web/middleware.go:123.52,124.71 1 1
github.com/SodbilegTugsbayr/Smart-Note/backend/cmd/web/middleware.go:124.71,128.17 3 1
github.com/SodbilegTugsbayr/Smart-Note/backend/cmd/web/middleware.go:128.17,129.43 1 1
github.com/SodbilegTugsbayr/Smart-Note/backend/cmd/web/middleware.go:129.43,131.5 1 1
github.com/SodbilegTugsbayr/Smart-Note/backend/cmd/web/middleware.go:131.10,133.5 1 0
github.com/SodbilegTugsbayr/Smart-Note/backend/cmd/web/middleware.go:134.4,134.10 1 1
github.com/SodbilegTugsbayr/Smart-Note/backend/cmd/web/middleware.go:137.3,138.40 2 1
github.com/SodbilegTugsbayr/Smart-Note/backend/cmd/web/processor.go:39.63,43.48 3 1
github.com/SodbilegTugsbayr/Smart-Note/backend/cmd/web/processor.go:43.48,45.3 1 0
github.com/SodbilegTugsbayr/Smart-Note/backend/cmd/web/processor.go:46.2,48.21 2 1
github.com/SodbilegTugsbayr/Smart-Note/backend/cmd/web/processor.go:48.21,50.17 2 1
github.com/SodbilegTugsbayr/Smart-Note/backend/cmd/web/processor.go:50.17,54.4 3 1
github.com/SodbilegTugsbayr/Smart-Note/backend/cmd/web/processor.go:55.3,56.22 2 0
github.com/SodbilegTugsbayr/Smart-Note/backend/cmd/web/processor.go:57.8,59.3 1 1
github.com/SodbilegTugsbayr/Smart-Note/backend/cmd/web/processor.go:60.2,60.39 1 1
github.com/SodbilegTugsbayr/Smart-Note/backend/cmd/web/processor.go:60.39,65.3 4 0
github.com/SodbilegTugsbayr/Smart-Note/backend/cmd/web/processor.go:67.2,69.16 3 1
github.com/SodbilegTugsbayr/Smart-Note/backend/cmd/web/processor.go:69.16,73.3 3 1
github.com/SodbilegTugsbayr/Smart-Note/backend/cmd/web/processor.go:75.2,76.48 2 1
github.com/SodbilegTugsbayr/Smart-Note/backend/cmd/web/processor.go:76.48,78.3 1 0
github.com/SodbilegTugsbayr/Smart-Note/backend/cmd/web/processor.go:79.2,83.16 4 1
github.com/SodbilegTugsbayr/Smart-Note/backend/cmd/web/processor.go:83.16,87.3 3 0
github.com/SodbilegTugsbayr/Smart-Note/backend/cmd/web/processor.go:89.2,89.38 1 1
github.com/SodbilegTugsbayr/Smart-Note/backend/cmd/web/processor.go:89.38,91.52 2 1
github.com/SodbilegTugsbayr/Smart-Note/backend/cmd/web/processor.go:91.52,93.4 1 0
github.com/SodbilegTugsbayr/Smart-Note/backend/cmd/web/processor.go:96.2,101.42 6 1
github.com/SodbilegTugsbayr/Smart-Note/backend/cmd/web/processor.go:101.42,103.3 1 1
github.com/SodbilegTugsbayr/Smart-Note/backend/cmd/web/processor.go:105.2,105.48 1 1
github.com/SodbilegTugsbayr/Smart-Note/backend/cmd/web/processor.go:105.48,109.3 3 0
github.com/SodbilegTugsbayr/Smart-Note/backend/cmd/web/processor.go:111.2,111.126 1 1
github.com/SodbilegTugsbayr/Smart-Note/backend/cmd/web/processor.go:114.73,115.17 1 1
github.com/SodbilegTugsbayr/Smart-Note/backend/cmd/web/processor.go:115.17,117.3 1 0
github.com/SodbilegTugsbayr/Smart-Note/backend/cmd/web/processor.go:119.2,122.19 3 1
github.com/SodbilegTugsbayr/Smart-Note/backend/cmd/web/processor.go:122.19,124.3 1 1
github.com/SodbilegTugsbayr/Smart-Note/backend/cmd/web/processor.go:125.2,125.19 1 1
github.com/SodbilegTugsbayr/Smart-Note/backend/cmd/web/processor.go:125.19,130.3 4 1
github.com/SodbilegTugsbayr/Smart-Note/backend/cmd/web/processor.go:132.2,133.16 2 1
github.com/SodbilegTugsbayr/Smart-Note/backend/cmd/web/processor.go:133.16,137.3 3 0
github.com/SodbilegTugsbayr/Smart-Note/backend/cmd/web/processor.go:139.2,140.32 2 1
github.com/SodbilegTugsbayr/Smart-Note/backend/cmd/web/processor.go:140.32,145.3 4 0
github.com/SodbilegTugsbayr/Smart-Note/backend/cmd/web/processor.go:147.2,148.55 2 1
github.com/SodbilegTugsbayr/Smart-Note/backend/cmd/web/processor.go:148.55,149.88 1 1
github.com/SodbilegTugsbayr/Smart-Note/backend/cmd/web/processor.go:149.88,151.4 1 0
github.com/SodbilegTugsbayr/Smart-Note/backend/cmd/web/processor.go:153.3,153.35 1 1
github.com/SodbilegTugsbayr/Smart-Note/backend/cmd/web/processor.go:153.35,155.62 2 1
github.com/SodbilegTugsbayr/Smart-Note/backend/cmd/web/processor.go:155.62,157.5 1 0
github.com/SodbilegTugsbayr/Smart-Note/backend/cmd/web/processor.go:158.4,158.60 1 1
github.com/SodbilegTugsbayr/Smart-Note/backend/cmd/web/processor.go:161.3,161.13 1 1
github.com/SodbilegTugsbayr/Smart-Note/backend/cmd/web/processor.go:162.17,166.3 3 0
github.com/SodbilegTugsbayr/Smart-Note/backend/cmd/web/processor.go:168.2,168.159 1 1
github.com/SodbilegTugsbayr/Smart-Note/backend/cmd/web/processor.go:171.104,173.48 2 1
github.com/SodbilegTugsbayr/Smart-Note/backend/cmd/web/processor.go:173.48,175.3 1 1
github.com/SodbilegTugsbayr/Smart-Note/backend/cmd/web/processor.go:177.2,178.18 2 1
github.com/SodbilegTugsbayr/Smart-Note/backend/cmd/web/processor.go:178.18,180.3 1 1
github.com/SodbilegTugsbayr/Smart-Note/backend/cmd/web/processor.go:181.2,181.94 1 1
github.com/SodbilegTugsbayr/Smart-Note/backend/cmd/web/processor.go:184.151,185.17 1 1
github.com/SodbilegTugsbayr/Smart-Note/backend/cmd/web/processor.go:185.17,187.3 1 0
github.com/SodbilegTugsbayr/Smart-Note/backend/cmd/web/processor.go:189.2,198.17 2 1
github.com/SodbilegTugsbayr/Smart-Note/backend/cmd/web/processor.go:198.17,201.3 2 1
github.com/SodbilegTugsbayr/Smart-Note/backend/cmd/web/processor.go:203.2,204.16 2 1
github.com/SodbilegTugsbayr/Smart-Note/backend/cmd/web/processor.go:204.16,207.3 2 0
github.com/SodbilegTugsbayr/Smart-Note/backend/cmd/web/processor.go:209.2,209.73 1 1
github.com/SodbilegTugsbayr/Smart-Note/backend/cmd/web/processor.go:209.73,211.3 1 1
github.com/SodbilegTugsbayr/Smart-Note/backend/cmd/web/processor.go:214.137,215.17 1 1
github.com/SodbilegTugsbayr/Smart-Note/backend/cmd/web/processor.go:215.17,217.3 1 0
github.com/SodbilegTugsbayr/Smart-Note/backend/cmd/web/processor.go:219.2,229.16 3 1
github.com/SodbilegTugsbayr/Smart-Note/backend/cmd/web/processor.go:229.16,232.3 2 0
github.com/SodbilegTugsbayr/Smart-Note/backend/cmd/web/processor.go:234.2,234.73 1 1
github.com/SodbilegTugsbayr/Smart-Note/backend/cmd/web/processor.go:234.73,236.3 1 1
github.com/SodbilegTugsbayr/Smart-Note/backend/cmd/web/processor.go:239.71,243.26 3 1
github.com/SodbilegTugsbayr/Smart-Note/backend/cmd/web/processor.go:243.26,244.34 1 1
github.com/SodbilegTugsbayr/Smart-Note/backend/cmd/web/processor.go:244.34,246.4 1 1
github.com/SodbilegTugsbayr/Smart-Note/backend/cmd/web/processor.go:247.3,248.42 2 1
github.com/SodbilegTugsbayr/Smart-Note/backend/cmd/web/processor.go:251.2,251.33 1 1
github.com/SodbilegTugsbayr/Smart-Note/backend/cmd/web/processor.go:251.33,253.3 1 1
github.com/SodbilegTugsbayr/Smart-Note/backend/cmd/web/processor.go:255.2,255.38 1 1
github.com/SodbilegTugsbayr/Smart-Note/backend/cmd/web/processor.go:255.38,257.17 2 1
github.com/SodbilegTugsbayr/Smart-Note/backend/cmd/web/processor.go:257.17,259.4 1 1
github.com/SodbilegTugsbayr/Smart-Note/backend/cmd/web/processor.go:259.9,261.4 1 1
github.com/SodbilegTugsbayr/Smart-Note/backend/cmd/web/processor.go:264.2,264.19 1 1
github.com/SodbilegTugsbayr/Smart-Note/backend/cmd/web/processor.go:267.61,270.48 3 1
github.com/SodbilegTugsbayr/Smart-Note/backend/cmd/web/processor.go:270.48,272.3 1 0
github.com/SodbilegTugsbayr/Smart-Note/backend/cmd/web/processor.go:273.2,275.29 2 1
github.com/SodbilegTugsbayr/Smart-Note/backend/cmd/web/processor.go:275.29,277.3 1 0
github.com/SodbilegTugsbayr/Smart-Note/backend/cmd/web/processor.go:280.63,284.16 3 1
github.com/SodbilegTugsbayr/Smart-Note/backend/cmd/web/processor.go:284.16,286.3 1 0
github.com/SodbilegTugsbayr/Smart-Note/backend/cmd/web/processor.go:287.2,290.16 3 1
github.com/SodbilegTugsbayr/Smart-Note/backend/cmd/web/processor.go:290.16,292.3 1 1
github.com/SodbilegTugsbayr/Smart-Note/backend/cmd/web/processor.go:294.2,294.24 1 0
github.com/SodbilegTugsbayr/Smart-Note/backend/cmd/web/routes.go:14.28,24.56 7 1
github.com/SodbilegTugsbayr/Smart-Note/backend/cmd/web/routes.go:24.56,25.39 1 1
github.com/SodbilegTugsbayr/Smart-Note/backend/cmd/web/routes.go:25.39,28.4 2 1
github.com/SodbilegTugsbayr/Smart-Note/backend/cmd/web/routes.go:32.2,32.69 1 1
github.com/SodbilegTugsbayr/Smart-Note/backend/cmd/web/routes.go:32.69,39.37 6 1
github.com/SodbilegTugsbayr/Smart-Note/backend/cmd/web/routes.go:39.37,43.4 3 1
github.com/SodbilegTugsbayr/Smart-Note/backend/cmd/web/routes.go:44.3,46.59 2 1
github.com/SodbilegTugsbayr/Smart-Note/backend/cmd/web/routes.go:46.59,51.4 4 1
github.com/SodbilegTugsbayr/Smart-Note/backend/cmd/web/routes.go:53.3,53.41 1 1
github.com/SodbilegTugsbayr/Smart-Note/backend/cmd/web/routes.go:53.41,56.68 3 1
github.com/SodbilegTugsbayr/Smart-Note/backend/cmd/web/routes.go:56.68,61.5 4 1
github.com/SodbilegTugsbayr/Smart-Note/backend/cmd/web/routes.go:64.3,64.42 1 1
github.com/SodbilegTugsbayr/Smart-Note/backend/cmd/web/routes.go:64.42,65.68 1 1
github.com/SodbilegTugsbayr/Smart-Note/backend/cmd/web/routes.go:65.68,70.5 4 1
github.com/SodbilegTugsbayr/Smart-Note/backend/cmd/web/routes.go:73.3,73.40 1 1
github.com/SodbilegTugsbayr/Smart-Note/backend/cmd/web/routes.go:73.40,74.64 1 1
github.com/SodbilegTugsbayr/Smart-Note/backend/cmd/web/routes.go:74.64,80.5 5 1
github.com/SodbilegTugsbayr/Smart-Note/backend/cmd/web/routes.go:83.3,83.59 1 1
github.com/SodbilegTugsbayr/Smart-Note/backend/cmd/web/routes.go:83.59,85.64 2 1
github.com/SodbilegTugsbayr/Smart-Note/backend/cmd/web/routes.go:85.64,89.5 3 1
github.com/SodbilegTugsbayr/Smart-Note/backend/cmd/web/routes.go:93.2,97.10 4 1
github.com/SodbilegTugsbayr/Smart-Note/backend/cmd/web/routes.go:102.66,103.38 1 1
github.com/SodbilegTugsbayr/Smart-Note/backend/cmd/web/routes.go:103.38,104.58 1 0
github.com/SodbilegTugsbayr/Smart-Note/backend/cmd/web/routes.go:107.2,107.45 1 1
github.com/SodbilegTugsbayr/Smart-Note/backend/cmd/web/routes.go:107.45,110.3 2 1
github.com/SodbilegTugsbayr/Smart-Note/backend/cmd/web/routes.go:111.2,113.59 2 1
github.com/SodbilegTugsbayr/Smart-Note/backend/cmd/web/routes.go:113.59,118.3 4 0
github.com/SodbilegTugsbayr/Smart-Note/backend/cmd/web/upload_helpers.go:15.77,18.64 2 1
github.com/SodbilegTugsbayr/Smart-Note/backend/cmd/web/upload_helpers.go:18.64,20.35 2 1
github.com/SodbilegTugsbayr/Smart-Note/backend/cmd/web/upload_helpers.go:20.35,23.4 2 0
github.com/SodbilegTugsbayr/Smart-Note/backend/cmd/web/upload_helpers.go:25.3,26.15 2 1
github.com/SodbilegTugsbayr/Smart-Note/backend/cmd/web/upload_helpers.go:29.2,29.13 1 1
